Component: ARM Compiler 5.06 update 7 (build 960) Tool: armlink [4d3601]

==============================================================================

Section Cross References

    startup_stm32f103xe.o(STACK) refers (Special) to heapauxi.o(.text) for __use_two_region_memory
    startup_stm32f103xe.o(HEAP) refers (Special) to heapauxi.o(.text) for __use_two_region_memory
    startup_stm32f103xe.o(RESET) refers (Special) to heapauxi.o(.text) for __use_two_region_memory
    startup_stm32f103xe.o(RESET) refers to startup_stm32f103xe.o(STACK) for __initial_sp
    startup_stm32f103xe.o(RESET) refers to startup_stm32f103xe.o(.text) for Reset_Handler
    startup_stm32f103xe.o(RESET) refers to stm32f1xx_it.o(i.NMI_Handler) for NMI_Handler
    startup_stm32f103xe.o(RESET) refers to stm32f1xx_it.o(i.HardFault_Handler) for HardFault_Handler
    startup_stm32f103xe.o(RESET) refers to stm32f1xx_it.o(i.MemManage_Handler) for MemManage_Handler
    startup_stm32f103xe.o(RESET) refers to stm32f1xx_it.o(i.BusFault_Handler) for BusFault_Handler
    startup_stm32f103xe.o(RESET) refers to stm32f1xx_it.o(i.UsageFault_Handler) for UsageFault_Handler
    startup_stm32f103xe.o(RESET) refers to port.o(.emb_text) for SVC_Handler
    startup_stm32f103xe.o(RESET) refers to stm32f1xx_it.o(i.DebugMon_Handler) for DebugMon_Handler
    startup_stm32f103xe.o(RESET) refers to port.o(i.SysTick_Handler) for SysTick_Handler
    startup_stm32f103xe.o(RESET) refers to stm32f1xx_it.o(i.DMA1_Channel1_IRQHandler) for DMA1_Channel1_IRQHandler
    startup_stm32f103xe.o(RESET) refers to stm32f1xx_it.o(i.DMA1_Channel2_IRQHandler) for DMA1_Channel2_IRQHandler
    startup_stm32f103xe.o(RESET) refers to stm32f1xx_it.o(i.DMA1_Channel3_IRQHandler) for DMA1_Channel3_IRQHandler
    startup_stm32f103xe.o(RESET) refers to stm32f1xx_it.o(i.DMA1_Channel5_IRQHandler) for DMA1_Channel5_IRQHandler
    startup_stm32f103xe.o(RESET) refers to stm32f1xx_it.o(i.DMA1_Channel6_IRQHandler) for DMA1_Channel6_IRQHandler
    startup_stm32f103xe.o(RESET) refers to stm32f1xx_it.o(i.DMA1_Channel7_IRQHandler) for DMA1_Channel7_IRQHandler
    startup_stm32f103xe.o(RESET) refers to stm32f1xx_it.o(i.USB_LP_CAN1_RX0_IRQHandler) for USB_LP_CAN1_RX0_IRQHandler
    startup_stm32f103xe.o(RESET) refers to stm32f1xx_it.o(i.TIM1_UP_IRQHandler) for TIM1_UP_IRQHandler
    startup_stm32f103xe.o(RESET) refers to stm32f1xx_it.o(i.TIM2_IRQHandler) for TIM2_IRQHandler
    startup_stm32f103xe.o(RESET) refers to stm32f1xx_it.o(i.USART1_IRQHandler) for USART1_IRQHandler
    startup_stm32f103xe.o(RESET) refers to stm32f1xx_it.o(i.USART2_IRQHandler) for USART2_IRQHandler
    startup_stm32f103xe.o(RESET) refers to stm32f1xx_it.o(i.USART3_IRQHandler) for USART3_IRQHandler
    startup_stm32f103xe.o(RESET) refers to stm32f1xx_it.o(i.UART4_IRQHandler) for UART4_IRQHandler
    startup_stm32f103xe.o(RESET) refers to stm32f1xx_it.o(i.UART5_IRQHandler) for UART5_IRQHandler
    startup_stm32f103xe.o(RESET) refers to stm32f1xx_it.o(i.TIM7_IRQHandler) for TIM7_IRQHandler
    startup_stm32f103xe.o(RESET) refers to stm32f1xx_it.o(i.DMA2_Channel3_IRQHandler) for DMA2_Channel3_IRQHandler
    startup_stm32f103xe.o(.text) refers (Special) to heapauxi.o(.text) for __use_two_region_memory
    startup_stm32f103xe.o(.text) refers to system_stm32f1xx.o(i.SystemInit) for SystemInit
    startup_stm32f103xe.o(.text) refers to __main.o(!!!main) for __main
    startup_stm32f103xe.o(.text) refers to startup_stm32f103xe.o(HEAP) for Heap_Mem
    startup_stm32f103xe.o(.text) refers to startup_stm32f103xe.o(STACK) for Stack_Mem
    main.o(i.HAL_TIM_PeriodElapsedCallback) refers to stm32f1xx_hal.o(i.HAL_IncTick) for HAL_IncTick
    main.o(i.SystemClock_Config) refers to rt_memclr_w.o(.text) for __aeabi_memclr4
    main.o(i.SystemClock_Config) refers to stm32f1xx_hal_rcc.o(i.HAL_RCC_OscConfig) for HAL_RCC_OscConfig
    main.o(i.SystemClock_Config) refers to main.o(i.Error_Handler) for Error_Handler
    main.o(i.SystemClock_Config) refers to stm32f1xx_hal_rcc.o(i.HAL_RCC_ClockConfig) for HAL_RCC_ClockConfig
    main.o(i.SystemClock_Config) refers to stm32f1xx_hal_rcc_ex.o(i.HAL_RCCEx_PeriphCLKConfig) for HAL_RCCEx_PeriphCLKConfig
    main.o(i.main) refers to stm32f1xx_hal.o(i.HAL_Init) for HAL_Init
    main.o(i.main) refers to main.o(i.SystemClock_Config) for SystemClock_Config
    main.o(i.main) refers to gpio.o(i.MX_GPIO_Init) for MX_GPIO_Init
    main.o(i.main) refers to dma.o(i.MX_DMA_Init) for MX_DMA_Init
    main.o(i.main) refers to adc.o(i.MX_ADC1_Init) for MX_ADC1_Init
    main.o(i.main) refers to tim.o(i.MX_TIM2_Init) for MX_TIM2_Init
    main.o(i.main) refers to usart.o(i.MX_USART2_UART_Init) for MX_USART2_UART_Init
    main.o(i.main) refers to usart.o(i.MX_USART3_UART_Init) for MX_USART3_UART_Init
    main.o(i.main) refers to spi.o(i.MX_SPI2_Init) for MX_SPI2_Init
    main.o(i.main) refers to usart.o(i.MX_UART5_Init) for MX_UART5_Init
    main.o(i.main) refers to usart.o(i.MX_USART1_UART_Init) for MX_USART1_UART_Init
[...]
    atof                                     0x080095d5   Thumb Code    42  atof.o(i.atof)
    frexp                                    0x08009601   Thumb Code    80  frexp.o(i.frexp)
    ldexp                                    0x08009659   Thumb Code   116  ldexp.o(i.ldexp)
    main                                     0x080096cd   Thumb Code    80  main.o(i.main)
    osDelay                                  0x0800971d   Thumb Code    50  cmsis_os2.o(i.osDelay)
    osKernelInitialize                       0x08009755   Thumb Code    58  cmsis_os2.o(i.osKernelInitialize)
    osKernelStart                            0x08009795   Thumb Code    64  cmsis_os2.o(i.osKernelStart)
    osThreadNew                              0x080097d9   Thumb Code   216  cmsis_os2.o(i.osThreadNew)
    pvPortMalloc                             0x0800a281   Thumb Code   296  heap_4.o(i.pvPortMalloc)
    pxPortInitialiseStack                    0x0800a3bd   Thumb Code    30  port.o(i.pxPortInitialiseStack)
    uxListRemove                             0x0800a3e1   Thumb Code    40  list.o(i.uxListRemove)
    vApplicationGetIdleTaskMemory            0x0800a409   Thumb Code    14  cmsis_os2.o(i.vApplicationGetIdleTaskMemory)
    vApplicationGetTimerTaskMemory           0x0800a421   Thumb Code    16  cmsis_os2.o(i.vApplicationGetTimerTaskMemory)
    vListInitialise                          0x0800a439   Thumb Code    26  list.o(i.vListInitialise)
    vListInitialiseItem                      0x0800a453   Thumb Code     6  list.o(i.vListInitialiseItem)
    vListInsert                              0x0800a459   Thumb Code    52  list.o(i.vListInsert)
    vListInsertEnd                           0x0800a48d   Thumb Code    24  list.o(i.vListInsertEnd)
    vPortEnterCritical                       0x0800a4a5   Thumb Code    76  port.o(i.vPortEnterCritical)
    vPortExitCritical                        0x0800a4f9   Thumb Code    56  port.o(i.vPortExitCritical)
    vPortFree                                0x0800a535   Thumb Code   140  heap_4.o(i.vPortFree)
    vPortSetupTimerInterrupt                 0x0800a5c9   Thumb Code    36  port.o(i.vPortSetupTimerInterrupt)
    vPortValidateInterruptPriority           0x0800a5f1   Thumb Code   106  port.o(i.vPortValidateInterruptPriority)
    vQueueAddToRegistry                      0x0800a669   Thumb Code    38  queue.o(i.vQueueAddToRegistry)
    vQueueWaitForMessageRestricted           0x0800a695   Thumb Code    74  queue.o(i.vQueueWaitForMessageRestricted)
    vTaskDelay                               0x0800a6e1   Thumb Code    82  tasks.o(i.vTaskDelay)
    vTaskInternalSetTimeOutState             0x0800a73d   Thumb Code    14  tasks.o(i.vTaskInternalSetTimeOutState)
    vTaskMissedYield                         0x0800a755   Thumb Code     8  tasks.o(i.vTaskMissedYield)
    vTaskPlaceOnEventList                    0x0800a761   Thumb Code    52  tasks.o(i.vTaskPlaceOnEventList)
    vTaskPlaceOnEventListRestricted          0x0800a799   Thumb Code    60  tasks.o(i.vTaskPlaceOnEventListRestricted)
    vTaskStartScheduler                      0x0800a7d9   Thumb Code   156  tasks.o(i.vTaskStartScheduler)
    vTaskSuspendAll                          0x0800a891   Thumb Code    12  tasks.o(i.vTaskSuspendAll)
    vTaskSwitchContext                       0x0800a8a1   Thumb Code   122  tasks.o(i.vTaskSwitchContext)
    xPortStartScheduler                      0x0800a931   Thumb Code   228  port.o(i.xPortStartScheduler)
    xQueueGenericCreateStatic                0x0800aa29   Thumb Code   222  queue.o(i.xQueueGenericCreateStatic)
    xQueueGenericReset                       0x0800ab09   Thumb Code   146  queue.o(i.xQueueGenericReset)
    xQueueGenericSend                        0x0800aba1   Thumb Code   420  queue.o(i.xQueueGenericSend)
    xQueueGenericSendFromISR                 0x0800ad49   Thumb Code   248  queue.o(i.xQueueGenericSendFromISR)
    xQueueReceive                            0x0800ae41   Thumb Code   356  queue.o(i.xQueueReceive)
    xTaskCheckForTimeOut                     0x0800afa9   Thumb Code   132  tasks.o(i.xTaskCheckForTimeOut)
    xTaskCreate                              0x0800b035   Thumb Code   100  tasks.o(i.xTaskCreate)
    xTaskCreateStatic                        0x0800b099   Thumb Code   184  tasks.o(i.xTaskCreateStatic)
    xTaskGetSchedulerState                   0x0800b151   Thumb Code    24  tasks.o(i.xTaskGetSchedulerState)
    xTaskGetTickCount                        0x0800b171   Thumb Code     6  tasks.o(i.xTaskGetTickCount)
    xTaskIncrementTick                       0x0800b17d   Thumb Code   280  tasks.o(i.xTaskIncrementTick)
    xTaskPriorityDisinherit                  0x0800b2c1   Thumb Code   152  tasks.o(i.xTaskPriorityDisinherit)
    xTaskRemoveFromEventList                 0x0800b365   Thumb Code   126  tasks.o(i.xTaskRemoveFromEventList)
    xTaskResumeAll                           0x0800b3fd   Thumb Code   222  tasks.o(i.xTaskResumeAll)
    xTimerCreateTimerTask                    0x0800b501   Thumb Code   100  timers.o(i.xTimerCreateTimerTask)
    xTimerGenericCommand                     0x0800b579   Thumb Code   128  timers.o(i.xTimerGenericCommand)
    _get_lc_numeric                          0x0800b5fd   Thumb Code    44  lc_numeric_c.o(locale$$code)
    _get_lc_ctype                            0x0800b629   Thumb Code    44  lc_ctype_c.o(locale$$code)
    __aeabi_d2f                              0x0800b655   Thumb Code     0  d2f.o(x$fpl$d2f)
    _d2f                                     0x0800b655   Thumb Code    98  d2f.o(x$fpl$d2f)
    __aeabi_dadd                             0x0800b6b9   Thumb Code     0  daddsub_clz.o(x$fpl$dadd)
    _dadd                                    0x0800b6b9   Thumb Code   332  daddsub_clz.o(x$fpl$dadd)
    __fpl_dcheck_NaN1                        0x0800b809   Thumb Code    10  dcheck1.o(x$fpl$dcheck1)
    __fpl_dcmp_Inf                           0x0800b819   Thumb Code    24  dcmpi.o(x$fpl$dcmpinf)
    __aeabi_ddiv                             0x0800b831   Thumb Code     0  ddiv.o(x$fpl$ddiv)
    _ddiv                                    0x0800b831   Thumb Code   552  ddiv.o(x$fpl$ddiv)
    __aeabi_cdcmpeq                          0x0800bae1   Thumb Code     0  deqf.o(x$fpl$deqf)
    _dcmpeq                                  0x0800bae1   Thumb Code   120  deqf.o(x$fpl$deqf)
    __aeabi_d2iz                             0x0800bb59   Thumb Code     0  dfix.o(x$fpl$dfix)
    _dfix                                    0x0800bb59   Thumb Code    94  dfix.o(x$fpl$dfix)
    __aeabi_i2d                              0x0800bbb7   Thumb Code     0  dflt_clz.o(x$fpl$dflt)
    _dflt                                    0x0800bbb7   Thumb Code    46  dflt_clz.o(x$fpl$dflt)
    __aeabi_cdcmple                          0x0800bbe5   Thumb Code     0  dleqf.o(x$fpl$dleqf)
    _dcmple                                  0x0800bbe5   Thumb Code   120  dleqf.o(x$fpl$dleqf)
    __fpl_dcmple_InfNaN                      0x0800bc47   Thumb Code     0  dleqf.o(x$fpl$dleqf)
    __aeabi_dmul                             0x0800bc5d   Thumb Code     0  dmul.o(x$fpl$dmul)
    _dmul                                    0x0800bc5d   Thumb Code   332  dmul.o(x$fpl$dmul)
    __fpl_dnaninf                            0x0800bdb1   Thumb Code   156  dnaninf.o(x$fpl$dnaninf)
    __fpl_dretinf                            0x0800be4d   Thumb Code    12  dretinf.o(x$fpl$dretinf)
    __aeabi_cdrcmple                         0x0800be59   Thumb Code     0  drleqf.o(x$fpl$drleqf)
    _drcmple                                 0x0800be59   Thumb Code   108  drleqf.o(x$fpl$drleqf)
    __aeabi_dsub                             0x0800bec5   Thumb Code     0  daddsub_clz.o(x$fpl$dsub)
    _dsub                                    0x0800bec5   Thumb Code   464  daddsub_clz.o(x$fpl$dsub)
    __aeabi_f2d                              0x0800c099   Thumb Code     0  f2d.o(x$fpl$f2d)
    _f2d                                     0x0800c099   Thumb Code    86  f2d.o(x$fpl$f2d)
    __aeabi_fadd                             0x0800c0f1   Thumb Code     0  faddsub_clz.o(x$fpl$fadd)
    _fadd                                    0x0800c0f1   Thumb Code   196  faddsub_clz.o(x$fpl$fadd)
    __fpl_fcmp_Inf                           0x0800c1b5   Thumb Code    24  fcmpi.o(x$fpl$fcmpinf)
    __aeabi_fdiv                             0x0800c1cd   Thumb Code     0  fdiv.o(x$fpl$fdiv)
    _fdiv                                    0x0800c1cd   Thumb Code   384  fdiv.o(x$fpl$fdiv)
    __aeabi_f2iz                             0x0800c351   Thumb Code     0  ffix.o(x$fpl$ffix)
    _ffix                                    0x0800c351   Thumb Code    54  ffix.o(x$fpl$ffix)
    __aeabi_i2f                              0x0800c389   Thumb Code     0  fflt_clz.o(x$fpl$fflt)
    _fflt                                    0x0800c389   Thumb Code    48  fflt_clz.o(x$fpl$fflt)
    __aeabi_ui2f                             0x0800c3b9   Thumb Code     0  fflt_clz.o(x$fpl$ffltu)
    _ffltu                                   0x0800c3b9   Thumb Code    38  fflt_clz.o(x$fpl$ffltu)
    __aeabi_cfcmple                          0x0800c3e1   Thumb Code     0  fleqf.o(x$fpl$fleqf)
    _fcmple                                  0x0800c3e1   Thumb Code   104  fleqf.o(x$fpl$fleqf)
    __fpl_fcmple_InfNaN                      0x0800c433   Thumb Code     0  fleqf.o(x$fpl$fleqf)
    __aeabi_fmul                             0x0800c449   Thumb Code     0  fmul.o(x$fpl$fmul)
    _fmul                                    0x0800c449   Thumb Code   258  fmul.o(x$fpl$fmul)
    __fpl_fnaninf                            0x0800c54b   Thumb Code   140  fnaninf.o(x$fpl$fnaninf)
    __fpl_fretinf                            0x0800c5d7   Thumb Code    10  fretinf.o(x$fpl$fretinf)
    __aeabi_cfrcmple                         0x0800c5e1   Thumb Code     0  frleqf.o(x$fpl$frleqf)
    _frcmple                                 0x0800c5e1   Thumb Code    98  frleqf.o(x$fpl$frleqf)
    __aeabi_frsub                            0x0800c643   Thumb Code     0  faddsub_clz.o(x$fpl$frsb)
    _frsb                                    0x0800c643   Thumb Code    20  faddsub_clz.o(x$fpl$frsb)
    __aeabi_fsub                             0x0800c659   Thumb Code     0  faddsub_clz.o(x$fpl$fsub)
    _fsub                                    0x0800c659   Thumb Code   234  faddsub_clz.o(x$fpl$fsub)
    __ieee_status                            0x0800c743   Thumb Code     6  istatus.o(x$fpl$ieeestatus)
    _printf_fp_dec                           0x0800c749   Thumb Code     4  printf1.o(x$fpl$printf1)
    __fpl_return_NaN                         0x0800c74d   Thumb Code   100  retnan.o(x$fpl$retnan)
    __ARM_scalbn                             0x0800c7b1   Thumb Code    92  scalbn.o(x$fpl$scalbn)
    _scanf_real                              0x0800c80d   Thumb Code     4  scanf1.o(x$fpl$scanf1)
    _scanf_hex_real                          0x0800c811   Thumb Code     4  scanf2.o(x$fpl$scanf2)
    _scanf_infnan                            0x0800c815   Thumb Code     4  scanf2.o(x$fpl$scanf2)
    __fpl_cmpreturn                          0x0800c819   Thumb Code    48  trapv.o(x$fpl$trapveneer)
    TaskLow_attributes                       0x0800c848   Data          36  freertos.o(.constdata)
    __I$use$fp                               0x0800c848   Number         0  usenofp.o(x$fpl$usenofp)
    TaskHigh_attributes                      0x0800c86c   Data          36  freertos.o(.constdata)
    TaskMid_attributes                       0x0800c890   Data          36  freertos.o(.constdata)
    AHBPrescTable                            0x0800c8b4   Data          16  system_stm32f1xx.o(.constdata)
    APBPrescTable                            0x0800c8c4   Data           8  system_stm32f1xx.o(.constdata)
    F6x8                                     0x0800c8cc   Data         552  user_oled.o(.constdata)
    F8X16                                    0x0800caf4   Data        1520  user_oled.o(.constdata)
    User_Math_SinTable                       0x0800d144   Data        2048  user_math.o(.constdata)
    Region$$Table$$Base                      0x0800da18   Number         0  anon$$obj.o(Region$$Table)
    Region$$Table$$Limit                     0x0800da38   Number         0  anon$$obj.o(Region$$Table)
    __aeabi_HUGE_VAL                         0x0800da38   Data           0  fpconst.o(c$$dinf)
    __aeabi_HUGE_VALL                        0x0800da38   Data           0  fpconst.o(c$$dinf)
    __aeabi_INFINITY                         0x0800da38   Data           0  fpconst.o(c$$dinf)
    __dInf                                   0x0800da38   Data           0  fpconst.o(c$$dinf)
    __huge_val                               0x0800da38   Data           0  fpconst.o(c$$dinf)
    __dbl_max                                0x0800da40   Data           0  fpconst.o(c$$dmax)
    __ctype                                  0x0800da71   Data           0  lc_ctype_c.o(locale$$data)
    TaskLowHandle                            0x20000000   Data           4  freertos.o(.data)
    TaskHighHandle                           0x20000004   Data           4  freertos.o(.data)
    TaskMidHandle                            0x20000008   Data           4  freertos.o(.data)
    SystemCoreClock                          0x2000000c   Data           4  system_stm32f1xx.o(.data)
    temp                                     0x20000010   Data           4  user_tasks.o(.data)
    jian1                                    0x20000014   Data           4  user_tasks.o(.data)
    jian2                                    0x20000018   Data           4  user_tasks.o(.data)
    cur1                                     0x2000001c   Data           4  user_tasks.o(.data)
    ch4_temp                                 0x20000020   Data           2  user_tasks.o(.data)
    jian_count                               0x20000024   Data           4  user_tasks.o(.data)
    jian_flag                                0x20000028   Data           4  user_tasks.o(.data)
    STATE_MACHINE_EN                         0x2000002c   Data           1  user_tasks.o(.data)
    txdataTest                               0x2000002d   Data           8  user_tasks.o(.data)
    TEST_MAX                                 0x20000038   Data           4  user_tasks.o(.data)
    TEST_MIN                                 0x2000003c   Data           4  user_tasks.o(.data)
    cnt_test                                 0x20000040   Data           2  user_tasks.o(.data)
    i                                        0x20000042   Data           1  user_tasks.o(.data)
    AUTO_POINT_L                             0x20000044   Data          64  user_movebase.o(.data)
    AUTO_POINT_R                             0x20000084   Data          32  user_movebase.o(.data)
    ver_diff                                 0x200000a4   Data           2  user_movebase.o(.data)
    hor_diff                                 0x200000a6   Data           2  user_movebase.o(.data)
    angle_diff                               0x200000a8   Data           2  user_movebase.o(.data)
    dist_remain                              0x200000ac   Data           4  user_movebase.o(.data)
    dist_remain2                             0x200000b0   Data           4  user_movebase.o(.data)
    dist_remain3                             0x200000b4   Data           4  user_movebase.o(.data)
    dist_remain4                             0x200000b8   Data           4  user_movebase.o(.data)
    dist_remain5                             0x200000bc   Data           4  user_movebase.o(.data)
    dist_remain6                             0x200000c0   Data           4  user_movebase.o(.data)
    yaokong_k                                0x200000c4   Data           4  user_movebase.o(.data)
    auto_flag                                0x200000c8   Data           4  user_movebase.o(.data)
    auto_target                              0x200000cc   Data           4  user_movebase.o(.data)
    auto_step                                0x200000d0   Data           4  user_movebase.o(.data)
    ang_dif                                  0x200000d4   Data           4  user_movebase.o(.data)
    temp_x                                   0x200000d8   Data           4  user_movebase.o(.data)
    temp_y                                   0x200000dc   Data           4  user_movebase.o(.data)
    BUZ                                      0x200000e4   Data           2  user_led.o(.data)
    ang_z_temp                               0x200000e8   Data           4  user_imu.o(.data)
    Hzk                                      0x20000114   Data         896  user_oled.o(.data)
    BMP1                                     0x20000494   Data         512  user_oled.o(.data)
    BAT_LIST                                 0x20000698   Data          11  user_adc.o(.data)
    uwTick                                   0x200006a8   Data           4  stm32f1xx_hal.o(.data)
    uwTickPrio                               0x200006ac   Data           4  stm32f1xx_hal.o(.data)
    uwTickFreq                               0x200006b0   Data           1  stm32f1xx_hal.o(.data)
    pxCurrentTCB                             0x200006b4   Data           4  tasks.o(.data)
    hadc1                                    0x2000072c   Data          48  adc.o(.bss)
    hdma_adc1                                0x2000075c   Data          68  adc.o(.bss)
    hcan                                     0x200007a0   Data          40  can.o(.bss)
    hspi2                                    0x200007c8   Data          88  spi.o(.bss)
    htim1                                    0x20000820   Data          72  tim.o(.bss)
    htim2                                    0x20000868   Data          72  tim.o(.bss)
    htim5                                    0x200008b0   Data          72  tim.o(.bss)
    htim8                                    0x200008f8   Data          72  tim.o(.bss)
    huart4                                   0x20000940   Data          72  usart.o(.bss)
    huart5                                   0x20000988   Data          72  usart.o(.bss)
    huart1                                   0x200009d0   Data          72  usart.o(.bss)
    huart2                                   0x20000a18   Data          72  usart.o(.bss)
    huart3                                   0x20000a60   Data          72  usart.o(.bss)
    hdma_uart4_rx                            0x20000aa8   Data          68  usart.o(.bss)
    hdma_usart1_rx                           0x20000aec   Data          68  usart.o(.bss)
    hdma_usart2_rx                           0x20000b30   Data          68  usart.o(.bss)
    hdma_usart2_tx                           0x20000b74   Data          68  usart.o(.bss)
    hdma_usart3_rx                           0x20000bb8   Data          68  usart.o(.bss)
    hdma_usart3_tx                           0x20000bfc   Data          68  usart.o(.bss)
    htim7                                    0x20000c40   Data          72  stm32f1xx_hal_timebase_tim.o(.bss)
    STATE                                    0x20000c88   Data          12  user_state.o(.bss)
    MOVE                                     0x20000c94   Data         228  user_movebase.o(.bss)
    VERTICAL                                 0x20000d78   Data          64  user_movebase.o(.bss)
    HORIZONTAL                               0x20000db8   Data          64  user_movebase.o(.bss)
    DOUBLE_ANGLE                             0x20000df8   Data          64  user_movebase.o(.bss)
    LED                                      0x20000e38   Data          24  user_led.o(.bss)
    IMU1                                     0x20000e50   Data         184  user_imu.o(.bss)
    KEY                                      0x20000f08   Data          24  user_key.o(.bss)
    USER_ADC                                 0x20000f20   Data          28  user_adc.o(.bss)
    CAN_CHASS_COM                            0x20000f3c   Data          72  user_can_motor.o(.bss)
    CHASS_MOTOR                              0x20000f84   Data         816  user_can_motor.o(.bss)
    MOTOR_3508                               0x200012b4   Data         160  user_can_motor.o(.bss)
    WIFI                                     0x20001354   Data         180  user_comm_wifi.o(.bss)
    SMP                                      0x20001408   Data         444  user_comm_raspberry.o(.bss)
    M3508_Spe_PID                            0x200015c4   Data         512  user_m3508.o(.bss)
    M3508_Pos_PID                            0x200017c4   Data         512  user_m3508.o(.bss)
    circle_close                             0x200019c4   Data          16  user_m3508.o(.bss)
    circle_open                              0x200019d4   Data          16  user_m3508.o(.bss)
    timer3508                                0x200019e4   Data          16  user_m3508.o(.bss)
    tofsense                                 0x200019f4   Data          68  user_tofsense_f.o(.bss)
    tof2_rxbuffer                            0x20001a38   Data          50  user_tofsenser2.o(.bss)
    Scissor                                  0x20001a6c   Data          32  user_scissor.o(.bss)
    M3510_Spe_PID                            0x20001a8c   Data         256  user_m3510.o(.bss)
    M3510_Pos_PID                            0x20001b8c   Data         256  user_m3510.o(.bss)
    MOVE_3510                                0x20001c8c   Data         228  user_m3510.o(.bss)
    spin10_state_c                           0x20001d70   Data          16  user_m3510.o(.bss)
    spin10_state_o                           0x20001d80   Data          16  user_m3510.o(.bss)
    timer3510                                0x20001d90   Data          16  user_m3510.o(.bss)
    xQueueRegistry                           0x20001da0   Data          64  queue.o(.bss)
    __libspace_start                         0x20003674   Data          96  libspace.o(.bss)
    __temporary_stack_top$libspace           0x200036d4   Data           0  libspace.o(.bss)



==============================================================================

Memory Map of the image

  Image Entry point : 0x08000131

  Load Region LR_IROM1 (Base: 0x08000000, Size: 0x0000e2a0, Max: 0x00040000, ABSOLUTE, COMPRESSED[0x0000ddf0])

    Execution Region ER_IROM1 (Exec base: 0x08000000, Load base: 0x08000000, Size: 0x0000db74, Max: 0x00040000, ABSOLUTE)

    Exec Addr    Load Addr    Size         Type   Attr      Idx    E Section Name        Object

    0x08000000   0x08000000   0x00000130   Data   RO            3    RESET               startup_stm32f103xe.o
    0x08000130   0x08000130   0x00000008   Code   RO         7170  * !!!main             c_w.l(__main.o)
    0x08000138   0x08000138   0x00000034   Code   RO         7547    !!!scatter          c_w.l(__scatter.o)
    0x0800016c   0x0800016c   0x0000005a   Code   RO         7545    !!dczerorl2         c_w.l(__dczerorl2.o)
    0x080001c6   0x080001c6   0x00000002   PAD
    0x080001c8   0x080001c8   0x0000001c   Code   RO         7549    !!handler_zi        c_w.l(__scatter_zi.o)
    0x080001e4   0x080001e4   0x00000000   Code   RO         7157    .ARM.Collect$$_printf_percent$$00000000  c_w.l(_printf_percent.o)
    0x080001e4   0x080001e4   0x00000006   Code   RO         7156    .ARM.Collect$$_printf_percent$$00000003  c_w.l(_printf_f.o)
    0x080001ea   0x080001ea   0x00000004   Code   RO         7243    .ARM.Collect$$_printf_percent$$00000017  c_w.l(_printf_percent_end.o)
    0x080001ee   0x080001ee   0x00000002   Code   RO         7348    .ARM.Collect$$libinit$$00000000  c_w.l(libinit.o)
    0x080001f0   0x080001f0   0x00000000   Code   RO         7350    .ARM.Collect$$libinit$$00000002  c_w.l(libinit2.o)
    0x080001f0   0x080001f0   0x00000000   Code   RO         7352    .ARM.Collect$$libinit$$00000004  c_w.l(libinit2.o)
    0x080001f0   0x080001f0   0x00000000   Code   RO         7355    .ARM.Collect$$libinit$$0000000A  c_w.l(libinit2.o)
    0x080001f0   0x080001f0   0x00000000   Code   RO         7357    .ARM.Collect$$libinit$$0000000C  c_w.l(libinit2.o)
    0x080001f0   0x080001f0   0x00000000   Code   RO         7359    .ARM.Collect$$libinit$$0000000E  c_w.l(libinit2.o)
    0x080001f0   0x080001f0   0x00000006   Code   RO         7360    .ARM.Collect$$libinit$$0000000F  c_w.l(libinit2.o)
    0x080001f6   0x080001f6   0x00000000   Code   RO         7362    .ARM.Collect$$libinit$$00000011  c_w.l(libinit2.o)
    0x080001f6   0x080001f6   0x0000000c   Code   RO         7363    .ARM.Collect$$libinit$$00000012  c_w.l(libinit2.o)
    0x08000202   0x08000202   0x00000000   Code   RO         7364    .ARM.Collect$$libinit$$00000013  c_w.l(libinit2.o)
    0x08000202   0x08000202   0x00000000   Code   RO         7366    .ARM.Collect$$libinit$$00000015  c_w.l(libinit2.o)
    0x08000202   0x08000202   0x0000000a   Code   RO         7367    .ARM.Collect$$libinit$$00000016  c_w.l(libinit2.o)
    0x0800020c   0x0800020c   0x00000000   Code   RO         7368    .ARM.Collect$$libinit$$00000017  c_w.l(libinit2.o)
    0x0800020c   0x0800020c   0x00000000   Code   RO         7370    .ARM.Collect$$libinit$$00000019  c_w.l(libinit2.o)
    0x0800020c   0x0800020c   0x00000000   Code   RO         7372    .ARM.Collect$$libinit$$0000001B  c_w.l(libinit2.o)
    0x0800020c   0x0800020c   0x00000000   Code   RO         7374    .ARM.Collect$$libinit$$0000001D  c_w.l(libinit2.o)
    0x0800020c   0x0800020c   0x00000000   Code   RO         7376    .ARM.Collect$$libinit$$0000001F  c_w.l(libinit2.o)
    0x0800020c   0x0800020c   0x00000000   Code   RO         7378    .ARM.Collect$$libinit$$00000021  c_w.l(libinit2.o)
    0x0800020c   0x0800020c   0x00000000   Code   RO         7380    .ARM.Collect$$libinit$$00000023  c_w.l(libinit2.o)
    0x0800020c   0x0800020c   0x00000000   Code   RO         7382    .ARM.Collect$$libinit$$00000025  c_w.l(libinit2.o)
    0x0800020c   0x0800020c   0x00000000   Code   RO         7386    .ARM.Collect$$libinit$$0000002C  c_w.l(libinit2.o)
    0x0800020c   0x0800020c   0x00000000   Code   RO         7388    .ARM.Collect$$libinit$$0000002E  c_w.l(libinit2.o)
    0x0800020c   0x0800020c   0x00000000   Code   RO         7390    .ARM.Collect$$libinit$$00000030  c_w.l(libinit2.o)
    0x0800020c   0x0800020c   0x00000000   Code   RO         7392    .ARM.Collect$$libinit$$00000032  c_w.l(libinit2.o)
    0x0800020c   0x0800020c   0x00000002   Code   RO         7393    .ARM.Collect$$libinit$$00000033  c_w.l(libinit2.o)
    0x0800020e   0x0800020e   0x00000002   Code   RO         7456    .ARM.Collect$$libshutdown$$00000000  c_w.l(libshutdown.o)
    0x08000210   0x08000210   0x00000000   Code   RO         7481    .ARM.Collect$$libshutdown$$00000002  c_w.l(libshutdown2.o)
    0x08000210   0x08000210   0x00000000   Code   RO         7483    .ARM.Collect$$libshutdown$$00000004  c_w.l(libshutdown2.o)
    0x08000210   0x08000210   0x00000000   Code   RO         7485    .ARM.Collect$$libshutdown$$00000006  c_w.l(libshutdown2.o)
    0x08000210   0x08000210   0x00000000   Code   RO         7488    .ARM.Collect$$libshutdown$$00000009  c_w.l(libshutdown2.o)
    0x08000210   0x08000210   0x00000000   Code   RO         7491    .ARM.Collect$$libshutdown$$0000000C  c_w.l(libshutdown2.o)
    0x08000210   0x08000210   0x00000000   Code   RO         7493    .ARM.Collect$$libshutdown$$0000000E  c_w.l(libshutdown2.o)
    0x08000210   0x08000210   0x00000000   Code   RO         7496    .ARM.Collect$$libshutdown$$00000011  c_w.l(libshutdown2.o)
    0x08000210   0x08000210   0x00000002   Code   RO         7497    .ARM.Collect$$libshutdown$$00000012  c_w.l(libshutdown2.o)
    0x08000212   0x08000212   0x00000000   Code   RO         7234    .ARM.Collect$$rtentry$$00000000  c_w.l(__rtentry.o)
    0x08000212   0x08000212   0x00000000   Code   RO         7262    .ARM.Collect$$rtentry$$00000002  c_w.l(__rtentry2.o)
    0x08000212   0x08000212   0x00000006   Code   RO         7274    .ARM.Collect$$rtentry$$00000004  c_w.l(__rtentry4.o)
    0x08000218   0x08000218   0x00000000   Code   RO         7264    .ARM.Collect$$rtentry$$00000009  c_w.l(__rtentry2.o)
    0x08000218   0x08000218   0x00000004   Code   RO         7265    .ARM.Collect$$rtentry$$0000000A  c_w.l(__rtentry2.o)
    0x0800021c   0x0800021c   0x00000000   Code   RO         7267    .ARM.Collect$$rtentry$$0000000C  c_w.l(__rtentry2.o)
    0x0800021c   0x0800021c   0x00000008   Code   RO         7268    .ARM.Collect$$rtentry$$0000000D  c_w.l(__rtentry2.o)
    0x08000224   0x08000224   0x00000002   Code   RO         7394    .ARM.Collect$$rtexit$$00000000  c_w.l(rtexit.o)
    0x08000226   0x08000226   0x00000000   Code   RO         7420    .ARM.Collect$$rtexit$$00000002  c_w.l(rtexit2.o)
    0x08000226   0x08000226   0x00000004   Code   RO         7421    .ARM.Collect$$rtexit$$00000003  c_w.l(rtexit2.o)
    0x0800022a   0x0800022a   0x00000006   Code   RO         7422    .ARM.Collect$$rtexit$$00000004  c_w.l(rtexit2.o)
    0x08000230   0x08000230   0x00000096   Code   RO         7049    .emb_text           port.o
    0x080002c6   0x080002c6   0x00000002   PAD
    0x080002c8   0x080002c8   0x00000040   Code   RO            4    .text               startup_stm32f103xe.o
    0x08000308   0x08000308   0x00000028   Code   RO         7132    .text               c_w.l(noretval__2sprintf.o)
    0x08000330   0x08000330   0x0000010e   Code   RO         7144    .text               c_w.l(__printf_wp.o)
    0x0800043e   0x0800043e   0x0000008a   Code   RO         7158    .text               c_w.l(rt_memcpy_v6.o)
    0x080004c8   0x080004c8   0x00000064   Code   RO         7160    .text               c_w.l(rt_memcpy_w.o)
    0x0800052c   0x0800052c   0x00000010   Code   RO         7164    .text               c_w.l(aeabi_memset.o)
    0x0800053c   0x0800053c   0x0000004e   Code   RO         7166    .text               c_w.l(rt_memclr_w.o)
    0x0800058a   0x0800058a   0x00000006   Code   RO         7168    .text               c_w.l(heapauxi.o)
    0x08000590   0x08000590   0x00000016   Code   RO         7235    .text               c_w.l(_rserrno.o)
    0x080005a6   0x080005a6   0x0000041e   Code   RO         7237    .text               c_w.l(_printf_fp_dec.o)
    0x080009c4   0x080009c4   0x00000030   Code   RO         7239    .text               c_w.l(_printf_char_common.o)
    0x080009f4   0x080009f4   0x0000000a   Code   RO         7241    .text               c_w.l(_sputc.o)
    0x080009fe   0x080009fe   0x00000002   PAD
    0x08000a00   0x08000a00   0x000000a4   Code   RO         7244    .text               c_w.l(strtod.o)
    0x08000aa4   0x08000aa4   0x00000044   Code   RO         7246    .text               c_w.l(rt_memclr.o)
    0x08000ae8   0x08000ae8   0x00000008   Code   RO         7279    .text               c_w.l(rt_locale_intlibspace.o)
    0x08000af0   0x08000af0   0x00000008   Code   RO         7284    .text               c_w.l(rt_errno_addr_intlibspace.o)
    0x08000af8   0x08000af8   0x0000008a   Code   RO         7286    .text               c_w.l(lludiv10.o)
    0x08000b82   0x08000b82   0x00000012   Code   RO         7288    .text               c_w.l(isspace.o)
    0x08000b94   0x08000b94   0x00000080   Code   RO         7290    .text               c_w.l(_printf_fp_infnan.o)
    0x08000c14   0x08000c14   0x00000040   Code   RO         7294    .text               c_w.l(_sgetc.o)
    0x08000c54   0x08000c54   0x000000e4   Code   RO         7296    .text               c_w.l(bigflt0.o)
    0x08000d38   0x08000d38   0x00000008   Code   RO         7330    .text               c_w.l(libspace.o)
    0x08000d40   0x08000d40   0x0000004a   Code   RO         7333    .text               c_w.l(sys_stackheap_outer.o)
    0x08000d8a   0x08000d8a   0x00000002   PAD
    0x08000d8c   0x08000d8c   0x00000010   Code   RO         7335    .text               c_w.l(rt_ctype_table.o)
    0x08000d9c   0x08000d9c   0x000004f8   Code   RO         7337    .text               c_w.l(scanf_fp.o)
    0x08001294   0x08001294   0x00000012   Code   RO         7339    .text               c_w.l(exit.o)
    0x080012a6   0x080012a6   0x00000002   PAD
    0x080012a8   0x080012a8   0x00000080   Code   RO         7341    .text               c_w.l(strcmpv7m.o)
    0x08001328   0x08001328   0x00000320   Code   RO         7426    .text               c_w.l(scanf_hexfp.o)
    0x08001648   0x08001648   0x00000134   Code   RO         7428    .text               c_w.l(scanf_infnan.o)
    0x0800177c   0x0800177c   0x0000000c   Code   RO         7442    .text               c_w.l(sys_exit.o)
    0x08001788   0x08001788   0x00000026   Code   RO         7446    .text               c_w.l(llshl.o)
    0x080017ae   0x080017ae   0x0000001c   Code   RO         7448    .text               c_w.l(_chval.o)
    0x080017ca   0x080017ca   0x00000002   Code   RO         7471    .text               c_w.l(use_no_semi.o)
    0x080017cc   0x080017cc   0x00000000   Code   RO         7473    .text               c_w.l(indicate_semi.o)
    0x080017cc   0x080017cc   0x0000003e   Code   RO         7299    CL$$btod_d2e        c_w.l(btod.o)
    0x0800180a   0x0800180a   0x00000046   Code   RO         7301    CL$$btod_d2e_denorm_low  c_w.l(btod.o)
    0x08001850   0x08001850   0x00000060   Code   RO         7300    CL$$btod_d2e_norm_op1  c_w.l(btod.o)
    0x080018b0   0x080018b0   0x00000338   Code   RO         7309    CL$$btod_div_common  c_w.l(btod.o)
    0x08001be8   0x08001be8   0x00000084   Code   RO         7307    CL$$btod_e2d        c_w.l(btod.o)
    0x08001c6c   0x08001c6c   0x000000dc   Code   RO         7306    CL$$btod_e2e        c_w.l(btod.o)
    0x08001d48   0x08001d48   0x0000002a   Code   RO         7303    CL$$btod_ediv       c_w.l(btod.o)
    0x08001d72   0x08001d72   0x0000002a   Code   RO         7305    CL$$btod_edivd      c_w.l(btod.o)
    0x08001d9c   0x08001d9c   0x0000002a   Code   RO         7302    CL$$btod_emul       c_w.l(btod.o)
    0x08001dc6   0x08001dc6   0x0000002a   Code   RO         7304    CL$$btod_emuld      c_w.l(btod.o)
    0x08001df0   0x08001df0   0x00000244   Code   RO         7308    CL$$btod_mult_common  c_w.l(btod.o)
    0x08002034   0x08002034   0x0000005c   Code   RO         2267    i.ADC_ConversionStop_Disable  stm32f1xx_hal_adc.o
    0x08002090   0x08002090   0x00000052   Code   RO         2268    i.ADC_DMAConvCplt   stm32f1xx_hal_adc.o
    0x080020e2   0x080020e2   0x0000001e   Code   RO         2269    i.ADC_DMAError      stm32f1xx_hal_adc.o
    0x08002100   0x08002100   0x0000000e   Code   RO         2270    i.ADC_DMAHalfConvCplt  stm32f1xx_hal_adc.o
    0x0800210e   0x0800210e   0x00000002   PAD
    0x08002110   0x08002110   0x00000090   Code   RO         2271    i.ADC_Enable        stm32f1xx_hal_adc.o
    0x080021a0   0x080021a0   0x00000004   Code   RO          575    i.BusFault_Handler  stm32f1xx_it.o
    0x080021a4   0x080021a4   0x00000024   Code   RO         1594    i.CAN_ChassSendMsg  user_can_motor.o
    0x080021c8   0x080021c8   0x0000005c   Code   RO         1597    i.CAN_SendCurGroup3508  user_can_motor.o
    0x08002224   0x08002224   0x00000074   Code   RO         1601    i.CAN_SendPosSingle  user_can_motor.o
    0x08002298   0x08002298   0x00000074   Code   RO         1603    i.CAN_SendPwmGroup  user_can_motor.o
    0x0800230c   0x0800230c   0x00000010   Code   RO          576    i.DMA1_Channel1_IRQHandler  stm32f1xx_it.o
    0x0800231c   0x0800231c   0x00000010   Code   RO          577    i.DMA1_Channel2_IRQHandler  stm32f1xx_it.o
    0x0800232c   0x0800232c   0x00000010   Code   RO          578    i.DMA1_Channel3_IRQHandler  stm32f1xx_it.o
    0x0800233c   0x0800233c   0x00000010   Code   RO          579    i.DMA1_Channel5_IRQHandler  stm32f1xx_it.o
    0x0800234c   0x0800234c   0x00000010   Code   RO          580    i.DMA1_Channel6_IRQHandler  stm32f1xx_it.o
    0x0800235c   0x0800235c   0x00000010   Code   RO          581    i.DMA1_Channel7_IRQHandler  stm32f1xx_it.o
    0x0800236c   0x0800236c   0x00000010   Code   RO          582    i.DMA2_Channel3_IRQHandler  stm32f1xx_it.o
    0x0800237c   0x0800237c   0x0000002c   Code   RO         2928    i.DMA_SetConfig     stm32f1xx_hal_dma.o
    0x080023a8   0x080023a8   0x00000002   Code   RO          583    i.DebugMon_Handler  stm32f1xx_it.o
    0x080023aa   0x080023aa   0x00000006   Code   RO           13    i.Error_Handler     main.o
    0x080023b0   0x080023b0   0x0000011c   Code   RO         2447    i.HAL_ADCEx_Calibration_Start  stm32f1xx_hal_adc_ex.o
    0x080024cc   0x080024cc   0x00000160   Code   RO         2273    i.HAL_ADC_ConfigChannel  stm32f1xx_hal_adc.o
    0x0800262c   0x0800262c   0x00000002   Code   RO         2274    i.HAL_ADC_ConvCpltCallback  stm32f1xx_hal_adc.o
    0x0800262e   0x0800262e   0x00000002   Code   RO         2275    i.HAL_ADC_ConvHalfCpltCallback  stm32f1xx_hal_adc.o
    0x08002630   0x08002630   0x00000002   Code   RO         2277    i.HAL_ADC_ErrorCallback  stm32f1xx_hal_adc.o
    0x08002632   0x08002632   0x00000002   PAD
    0x08002634   0x08002634   0x00000160   Code   RO         2282    i.HAL_ADC_Init      stm32f1xx_hal_adc.o
    0x08002794   0x08002794   0x000000dc   Code   RO          294    i.HAL_ADC_MspInit   adc.o
    0x08002870   0x08002870   0x00000180   Code   RO         2289    i.HAL_ADC_Start_DMA  stm32f1xx_hal_adc.o
    0x080029f0   0x080029f0   0x0000002a   Code   RO         3552    i.HAL_CAN_ActivateNotification  stm32f1xx_hal_can.o
    0x08002a1a   0x08002a1a   0x0000014a   Code   RO         3553    i.HAL_CAN_AddTxMessage  stm32f1xx_hal_can.o
    0x08002b64   0x08002b64   0x0000010a   Code   RO         3554    i.HAL_CAN_ConfigFilter  stm32f1xx_hal_can.o
    0x08002c6e   0x08002c6e   0x00000002   Code   RO         3557    i.HAL_CAN_ErrorCallback  stm32f1xx_hal_can.o
    0x08002c70   0x08002c70   0x00000194   Code   RO         3560    i.HAL_CAN_GetRxMessage  stm32f1xx_hal_can.o
    0x08002e04   0x08002e04   0x0000024e   Code   RO         3564    i.HAL_CAN_IRQHandler  stm32f1xx_hal_can.o
    0x08003052   0x08003052   0x00000174   Code   RO         3565    i.HAL_CAN_Init      stm32f1xx_hal_can.o
    0x080031c6   0x080031c6   0x00000002   PAD
    0x080031c8   0x080031c8   0x000000b0   Code   RO          336    i.HAL_CAN_MspInit   can.o
    0x08003278   0x08003278   0x00000002   Code   RO         3572    i.HAL_CAN_RxFifo0FullCallback  stm32f1xx_hal_can.o
    0x0800327a   0x0800327a   0x00000002   Code   RO         3573    i.HAL_CAN_RxFifo0MsgPendingCallback  stm32f1xx_hal_can.o
    0x0800327c   0x0800327c   0x00000002   Code   RO         3574    i.HAL_CAN_RxFifo1FullCallback  stm32f1xx_hal_can.o
    0x0800327e   0x0800327e   0x00000002   Code   RO         3575    i.HAL_CAN_RxFifo1MsgPendingCallback  stm32f1xx_hal_can.o
    0x08003280   0x08003280   0x00000002   Code   RO         3576    i.HAL_CAN_SleepCallback  stm32f1xx_hal_can.o
    0x08003282   0x08003282   0x0000005e   Code   RO         3577    i.HAL_CAN_Start     stm32f1xx_hal_can.o
    0x080032e0   0x080032e0   0x00000002   Code   RO         3579    i.HAL_CAN_TxMailbox0AbortCallback  stm32f1xx_hal_can.o
    0x080032e2   0x080032e2   0x00000002   PAD
    0x080032e4   0x080032e4   0x00000010   Code   RO         1607    i.HAL_CAN_TxMailbox0CompleteCallback  user_can_motor.o
    0x080032f4   0x080032f4   0x00000002   Code   RO         3581    i.HAL_CAN_TxMailbox1AbortCallback  stm32f1xx_hal_can.o
    0x080032f6   0x080032f6   0x00000002   Code   RO         3582    i.HAL_CAN_TxMailbox1CompleteCallback  stm32f1xx_hal_can.o
    0x080032f8   0x080032f8   0x00000002   Code   RO         3583    i.HAL_CAN_TxMailbox2AbortCallback  stm32f1xx_hal_can.o
    0x080032fa   0x080032fa   0x00000002   Code   RO         3584    i.HAL_CAN_TxMailbox2CompleteCallback  stm32f1xx_hal_can.o
    0x080032fc   0x080032fc   0x00000002   Code   RO         3586    i.HAL_CAN_WakeUpFromRxMsgCallback  stm32f1xx_hal_can.o
    0x080032fe   0x080032fe   0x00000056   Code   RO         2929    i.HAL_DMA_Abort     stm32f1xx_hal_dma.o
    0x08003354   0x08003354   0x000001a8   Code   RO         2930    i.HAL_DMA_Abort_IT  stm32f1xx_hal_dma.o
    0x080034fc   0x080034fc   0x00000398   Code   RO         2934    i.HAL_DMA_IRQHandler  stm32f1xx_hal_dma.o
    0x08003894   0x08003894   0x0000008c   Code   RO         2935    i.HAL_DMA_Init      stm32f1xx_hal_dma.o
    0x08003920   0x08003920   0x0000009c   Code   RO         2939    i.HAL_DMA_Start_IT  stm32f1xx_hal_dma.o
    0x080039bc   0x080039bc   0x00000340   Code   RO         2865    i.HAL_GPIO_Init     stm32f1xx_hal_gpio.o
    0x08003cfc   0x08003cfc   0x00000010   Code   RO         2867    i.HAL_GPIO_ReadPin  stm32f1xx_hal_gpio.o
    0x08003d0c   0x08003d0c   0x0000000c   Code   RO         2869    i.HAL_GPIO_WritePin  stm32f1xx_hal_gpio.o
    0x08003d18   0x08003d18   0x0000000c   Code   RO         2554    i.HAL_GetTick       stm32f1xx_hal.o
    0x08003d24   0x08003d24   0x00000018   Code   RO         2560    i.HAL_IncTick       stm32f1xx_hal.o
    0x08003d3c   0x08003d3c   0x00000028   Code   RO         2561    i.HAL_Init          stm32f1xx_hal.o
    0x08003d64   0x08003d64   0x000000b4   Code   RO          784    i.HAL_InitTick      stm32f1xx_hal_timebase_tim.o
    0x08003e18   0x08003e18   0x00000060   Code   RO          760    i.HAL_MspInit       stm32f1xx_hal_msp.o
    0x08003e78   0x08003e78   0x00000020   Code   RO         3025    i.HAL_NVIC_EnableIRQ  stm32f1xx_hal_cortex.o
    0x08003e98   0x08003e98   0x0000007c   Code   RO         3031    i.HAL_NVIC_SetPriority  stm32f1xx_hal_cortex.o
    0x08003f14   0x08003f14   0x00000028   Code   RO         3032    i.HAL_NVIC_SetPriorityGrouping  stm32f1xx_hal_cortex.o
    0x08003f3c   0x08003f3c   0x00000118   Code   RO         2826    i.HAL_RCCEx_GetPeriphCLKFreq  stm32f1xx_hal_rcc_ex.o
    0x08004054   0x08004054   0x00000130   Code   RO         2827    i.HAL_RCCEx_PeriphCLKConfig  stm32f1xx_hal_rcc_ex.o
    0x08004184   0x08004184   0x0000018c   Code   RO         2718    i.HAL_RCC_ClockConfig  stm32f1xx_hal_rcc.o
    0x08004310   0x08004310   0x00000044   Code   RO         2722    i.HAL_RCC_GetClockConfig  stm32f1xx_hal_rcc.o
    0x08004354   0x08004354   0x0000000c   Code   RO         2723    i.HAL_RCC_GetHCLKFreq  stm32f1xx_hal_rcc.o
    0x08004360   0x08004360   0x00000020   Code   RO         2725    i.HAL_RCC_GetPCLK1Freq  stm32f1xx_hal_rcc.o
    0x08004380   0x08004380   0x00000020   Code   RO         2726    i.HAL_RCC_GetPCLK2Freq  stm32f1xx_hal_rcc.o
    0x080043a0   0x080043a0   0x00000070   Code   RO         2727    i.HAL_RCC_GetSysClockFreq  stm32f1xx_hal_rcc.o
    0x08004410   0x08004410   0x00000464   Code   RO         2730    i.HAL_RCC_OscConfig  stm32f1xx_hal_rcc.o
    0x08004874   0x08004874   0x000000be   Code   RO         3796    i.HAL_SPI_Init      stm32f1xx_hal_spi.o
    0x08004932   0x08004932   0x00000002   PAD
    0x08004934   0x08004934   0x00000088   Code   RO          402    i.HAL_SPI_MspInit   spi.o
    0x080049bc   0x080049bc   0x00000002   Code   RO         4824    i.HAL_TIMEx_BreakCallback  stm32f1xx_hal_tim_ex.o
    0x080049be   0x080049be   0x00000002   Code   RO         4825    i.HAL_TIMEx_CommutCallback  stm32f1xx_hal_tim_ex.o
    0x080049c0   0x080049c0   0x0000009c   Code   RO         4843    i.HAL_TIMEx_MasterConfigSynchronization  stm32f1xx_hal_tim_ex.o
    0x08004a5c   0x08004a5c   0x00000066   Code   RO         4109    i.HAL_TIM_Base_Init  stm32f1xx_hal_tim.o
    0x08004ac2   0x08004ac2   0x00000002   PAD
    0x08004ac4   0x08004ac4   0x000000cc   Code   RO          444    i.HAL_TIM_Base_MspInit  tim.o
    0x08004b90   0x08004b90   0x00000084   Code   RO         4112    i.HAL_TIM_Base_Start  stm32f1xx_hal_tim.o
    0x08004c14   0x08004c14   0x00000090   Code   RO         4114    i.HAL_TIM_Base_Start_IT  stm32f1xx_hal_tim.o
    0x08004ca4   0x08004ca4   0x00000032   Code   RO         4115    i.HAL_TIM_Base_Stop  stm32f1xx_hal_tim.o
    0x08004cd6   0x08004cd6   0x0000010c   Code   RO         4118    i.HAL_TIM_ConfigClockSource  stm32f1xx_hal_tim.o
    0x08004de2   0x08004de2   0x00000002   Code   RO         4143    i.HAL_TIM_IC_CaptureCallback  stm32f1xx_hal_tim.o
    0x08004de4   0x08004de4   0x00000196   Code   RO         4157    i.HAL_TIM_IRQHandler  stm32f1xx_hal_tim.o
    0x08004f7a   0x08004f7a   0x00000002   PAD
    0x08004f7c   0x08004f7c   0x00000058   Code   RO          445    i.HAL_TIM_MspPostInit  tim.o
    0x08004fd4   0x08004fd4   0x00000002   Code   RO         4160    i.HAL_TIM_OC_DelayElapsedCallback  stm32f1xx_hal_tim.o
    0x08004fd6   0x08004fd6   0x00000104   Code   RO         4181    i.HAL_TIM_PWM_ConfigChannel  stm32f1xx_hal_tim.o
    0x080050da   0x080050da   0x00000066   Code   RO         4184    i.HAL_TIM_PWM_Init  stm32f1xx_hal_tim.o
    0x08005140   0x08005140   0x00000002   Code   RO         4186    i.HAL_TIM_PWM_MspInit  stm32f1xx_hal_tim.o
    0x08005142   0x08005142   0x00000002   Code   RO         4187    i.HAL_TIM_PWM_PulseFinishedCallback  stm32f1xx_hal_tim.o
    0x08005144   0x08005144   0x00000018   Code   RO           14    i.HAL_TIM_PeriodElapsedCallback  main.o
    0x0800515c   0x0800515c   0x00000002   Code   RO         4200    i.HAL_TIM_TriggerCallback  stm32f1xx_hal_tim.o
    0x0800515e   0x0800515e   0x00000002   Code   RO         5103    i.HAL_UARTEx_RxEventCallback  stm32f1xx_hal_uart.o
    0x08005160   0x08005160   0x0000008a   Code   RO         5115    i.HAL_UART_DMAStop  stm32f1xx_hal_uart.o
    0x080051ea   0x080051ea   0x00000002   Code   RO         5117    i.HAL_UART_ErrorCallback  stm32f1xx_hal_uart.o
    0x080051ec   0x080051ec   0x000002e4   Code   RO         5120    i.HAL_UART_IRQHandler  stm32f1xx_hal_uart.o
    0x080054d0   0x080054d0   0x00000076   Code   RO         5121    i.HAL_UART_Init     stm32f1xx_hal_uart.o
    0x08005546   0x08005546   0x00000002   PAD
    0x08005548   0x08005548   0x00000420   Code   RO          510    i.HAL_UART_MspInit  usart.o
    0x08005968   0x08005968   0x0000002c   Code   RO         5125    i.HAL_UART_Receive_DMA  stm32f1xx_hal_uart.o
    0x08005994   0x08005994   0x00000002   Code   RO         2196    i.HAL_UART_RxCpltCallback  user_uart1.o
    0x08005996   0x08005996   0x00000002   Code   RO         5128    i.HAL_UART_RxHalfCpltCallback  stm32f1xx_hal_uart.o
    0x08005998   0x08005998   0x0000008c   Code   RO         5130    i.HAL_UART_Transmit_DMA  stm32f1xx_hal_uart.o
    0x08005a24   0x08005a24   0x00000002   Code   RO         5132    i.HAL_UART_TxCpltCallback  stm32f1xx_hal_uart.o
    0x08005a26   0x08005a26   0x00000002   Code   RO         5133    i.HAL_UART_TxHalfCpltCallback  stm32f1xx_hal_uart.o
    0x08005a28   0x08005a28   0x00000004   Code   RO          584    i.HardFault_Handler  stm32f1xx_it.o
    0x08005a2c   0x08005a2c   0x0000002c   Code   RO         1853    i.LimitMax          user_math.o
    0x08005a58   0x08005a58   0x000000a0   Code   RO          295    i.MX_ADC1_Init      adc.o
    0x08005af8   0x08005af8   0x00000044   Code   RO          337    i.MX_CAN_Init       can.o
    0x08005b3c   0x08005b3c   0x000000b0   Code   RO          377    i.MX_DMA_Init       dma.o
    0x08005bec   0x08005bec   0x00000054   Code   RO          232    i.MX_FREERTOS_Init  freertos.o
    0x08005c40   0x08005c40   0x0000018c   Code   RO          208    i.MX_GPIO_Init      gpio.o
    0x08005dcc   0x08005dcc   0x00000044   Code   RO          403    i.MX_SPI2_Init      spi.o
    0x08005e10   0x08005e10   0x00000070   Code   RO          446    i.MX_TIM1_Init      tim.o
    0x08005e80   0x08005e80   0x0000006c   Code   RO          447    i.MX_TIM2_Init      tim.o
    0x08005eec   0x08005eec   0x000000b4   Code   RO          448    i.MX_TIM5_Init      tim.o
    0x08005fa0   0x08005fa0   0x00000070   Code   RO          449    i.MX_TIM8_Init      tim.o
    0x08006010   0x08006010   0x00000038   Code   RO          511    i.MX_UART4_Init     usart.o
    0x08006048   0x08006048   0x00000038   Code   RO          512    i.MX_UART5_Init     usart.o
    0x08006080   0x08006080   0x00000038   Code   RO          513    i.MX_USART1_UART_Init  usart.o
    0x080060b8   0x080060b8   0x00000038   Code   RO          514    i.MX_USART2_UART_Init  usart.o
    0x080060f0   0x080060f0   0x00000038   Code   RO          515    i.MX_USART3_UART_Init  usart.o
    0x08006128   0x08006128   0x00000004   Code   RO          585    i.MemManage_Handler  stm32f1xx_it.o
    0x0800612c   0x0800612c   0x00000004   Code   RO          586    i.NMI_Handler       stm32f1xx_it.o
    0x08006130   0x08006130   0x00000028   Code   RO         2731    i.RCC_Delay         stm32f1xx_hal_rcc.o
    0x08006158   0x08006158   0x00000028   Code   RO          860    i.StartTaskHigh     user_tasks.o
    0x08006180   0x08006180   0x00000050   Code   RO          861    i.StartTaskLow      user_tasks.o
    0x080061d0   0x080061d0   0x00000108   Code   RO          862    i.StartTaskMid      user_tasks.o
    0x080062d8   0x080062d8   0x00000034   Code   RO         7050    i.SysTick_Handler   port.o
    0x0800630c   0x0800630c   0x00000082   Code   RO           15    i.SystemClock_Config  main.o
    0x0800638e   0x0800638e   0x00000002   Code   RO          824    i.SystemInit        system_stm32f1xx.o
    0x08006390   0x08006390   0x00000014   Code   RO          587    i.TIM1_UP_IRQHandler  stm32f1xx_it.o
    0x080063a4   0x080063a4   0x00000014   Code   RO          588    i.TIM2_IRQHandler   stm32f1xx_it.o
    0x080063b8   0x080063b8   0x00000010   Code   RO          589    i.TIM7_IRQHandler   stm32f1xx_it.o
    0x080063c8   0x080063c8   0x0000009c   Code   RO         4202    i.TIM_Base_SetConfig  stm32f1xx_hal_tim.o
    0x08006464   0x08006464   0x00000016   Code   RO         4213    i.TIM_ETR_SetConfig  stm32f1xx_hal_tim.o
    0x0800647a   0x0800647a   0x00000012   Code   RO         4214    i.TIM_ITRx_SetConfig  stm32f1xx_hal_tim.o
    0x0800648c   0x0800648c   0x00000070   Code   RO         4215    i.TIM_OC1_SetConfig  stm32f1xx_hal_tim.o
    0x080064fc   0x080064fc   0x0000007c   Code   RO         4216    i.TIM_OC2_SetConfig  stm32f1xx_hal_tim.o
    0x08006578   0x08006578   0x00000078   Code   RO         4217    i.TIM_OC3_SetConfig  stm32f1xx_hal_tim.o
    0x080065f0   0x080065f0   0x00000054   Code   RO         4218    i.TIM_OC4_SetConfig  stm32f1xx_hal_tim.o
    0x08006644   0x08006644   0x00000026   Code   RO         4220    i.TIM_TI1_ConfigInputStage  stm32f1xx_hal_tim.o
    0x0800666a   0x0800666a   0x00000028   Code   RO         4222    i.TIM_TI2_ConfigInputStage  stm32f1xx_hal_tim.o
    0x08006692   0x08006692   0x00000002   PAD
    0x08006694   0x08006694   0x0000002c   Code   RO         1970    i.TimerDelayUs      user_timer.o
    0x080066c0   0x080066c0   0x00000010   Code   RO          590    i.UART4_IRQHandler  stm32f1xx_it.o
    0x080066d0   0x080066d0   0x00000014   Code   RO          591    i.UART5_IRQHandler  stm32f1xx_it.o
    0x080066e4   0x080066e4   0x00000014   Code   RO         5134    i.UART_DMAAbortOnError  stm32f1xx_hal_uart.o
    0x080066f8   0x080066f8   0x00000050   Code   RO         5135    i.UART_DMAError     stm32f1xx_hal_uart.o
    0x08006748   0x08006748   0x000000b4   Code   RO         5136    i.UART_DMAReceiveCplt  stm32f1xx_hal_uart.o
    0x080067fc   0x080067fc   0x00000024   Code   RO         5138    i.UART_DMARxHalfCplt  stm32f1xx_hal_uart.o
    0x08006820   0x08006820   0x00000058   Code   RO         5140    i.UART_DMATransmitCplt  stm32f1xx_hal_uart.o
    0x08006878   0x08006878   0x0000000e   Code   RO         5142    i.UART_DMATxHalfCplt  stm32f1xx_hal_uart.o
    0x08006886   0x08006886   0x0000006c   Code   RO         5144    i.UART_EndRxTransfer  stm32f1xx_hal_uart.o
    0x080068f2   0x080068f2   0x00000020   Code   RO         5145    i.UART_EndTransmit_IT  stm32f1xx_hal_uart.o
    0x08006912   0x08006912   0x00000026   Code   RO         5146    i.UART_EndTxTransfer  stm32f1xx_hal_uart.o
    0x08006938   0x08006938   0x000000fc   Code   RO         5147    i.UART_Receive_IT   stm32f1xx_hal_uart.o
    0x08006a34   0x08006a34   0x000000fc   Code   RO         5148    i.UART_SetConfig    stm32f1xx_hal_uart.o
    0x08006b30   0x08006b30   0x000000c8   Code   RO         5149    i.UART_Start_Receive_DMA  stm32f1xx_hal_uart.o
    0x08006bf8   0x08006bf8   0x00000060   Code   RO         5151    i.UART_Transmit_IT  stm32f1xx_hal_uart.o
    0x08006c58   0x08006c58   0x00000014   Code   RO          592    i.USART1_IRQHandler  stm32f1xx_it.o
    0x08006c6c   0x08006c6c   0x00000014   Code   RO          593    i.USART2_IRQHandler  stm32f1xx_it.o
    0x08006c80   0x08006c80   0x00000014   Code   RO          594    i.USART3_IRQHandler  stm32f1xx_it.o
    0x08006c94   0x08006c94   0x00000014   Code   RO          595    i.USB_LP_CAN1_RX0_IRQHandler  stm32f1xx_it.o
    0x08006ca8   0x08006ca8   0x00000004   Code   RO          596    i.UsageFault_Handler  stm32f1xx_it.o
    0x08006cac   0x08006cac   0x000000fc   Code   RO         1557    i.User_AdcGetTask   user_adc.o
    0x08006da8   0x08006da8   0x0000002c   Code   RO         1558    i.User_AdcInit      user_adc.o
    0x08006dd4   0x08006dd4   0x00000034   Code   RO         1172    i.User_BuzOff       user_led.o
    0x08006e08   0x08006e08   0x00000034   Code   RO         1173    i.User_BuzOn        user_led.o
    0x08006e3c   0x08006e3c   0x00000030   Code   RO         1174    i.User_BuzSound     user_led.o
    0x08006e6c   0x08006e6c   0x00000054   Code   RO         1608    i.User_Can1FilterInit  user_can_motor.o
    0x08006ec0   0x08006ec0   0x00000028   Code   RO         1609    i.User_Can1RxIRQHandler  user_can_motor.o
    0x08006ee8   0x08006ee8   0x00000304   Code   RO         1610    i.User_Can1RxMessageHandler  user_can_motor.o
    0x080071ec   0x080071ec   0x00000028   Code   RO         1611    i.User_CanMotorInit  user_can_motor.o
    0x08007214   0x08007214   0x00000088   Code   RO         1797    i.User_CommRosToStmDataParas  user_comm_raspberry.o
    0x0800729c   0x0800729c   0x0000005c   Code   RO         1798    i.User_CommSmpIRQHandler  user_comm_raspberry.o
    0x080072f8   0x080072f8   0x00000050   Code   RO         1799    i.User_CommSmpInit  user_comm_raspberry.o
    0x08007348   0x08007348   0x0000002c   Code   RO         1800    i.User_CommSmpSendTask  user_comm_raspberry.o
    0x08007374   0x08007374   0x00000090   Code   RO         1801    i.User_CommStmToRosSend  user_comm_raspberry.o
    0x08007404   0x08007404   0x0000018c   Code   RO         1727    i.User_CommWifiDataParas  user_comm_wifi.o
    0x08007590   0x08007590   0x00000028   Code   RO         1728    i.User_CommWifiDataPush  user_comm_wifi.o
    0x080075b8   0x080075b8   0x00000068   Code   RO         1729    i.User_CommWifiIRQHandler  user_comm_wifi.o
    0x08007620   0x08007620   0x00000028   Code   RO         1730    i.User_CommWifiInit  user_comm_wifi.o
    0x08007648   0x08007648   0x0000004c   Code   RO         1731    i.User_CommWifiSendTask  user_comm_wifi.o
    0x08007694   0x08007694   0x000000d8   Code   RO         1732    i.User_CommWifi_Int16Data  user_comm_wifi.o
    0x0800776c   0x0800776c   0x0000001a   Code   RO         1971    i.User_DelayMs      user_timer.o
    0x08007786   0x08007786   0x00000002   PAD
    0x08007788   0x08007788   0x0000001c   Code   RO         1297    i.User_IIC_Init     user_iic.o
    0x080077a4   0x080077a4   0x00000068   Code   RO         1300    i.User_IIC_SendByte  user_iic.o
    0x0800780c   0x0800780c   0x00000040   Code   RO         1301    i.User_IIC_Start    user_iic.o
    0x0800784c   0x0800784c   0x00000040   Code   RO         1302    i.User_IIC_Stop     user_iic.o
    0x0800788c   0x0800788c   0x00000058   Code   RO         1303    i.User_IIC_WaitAck  user_iic.o
    0x080078e4   0x080078e4   0x000000d0   Code   RO         1240    i.User_Imu1AngzOffsetGet  user_imu.o
    0x080079b4   0x080079b4   0x00000090   Code   RO         1241    i.User_Imu1AngzOffsetPowerUp  user_imu.o
    0x08007a44   0x08007a44   0x000004b0   Code   RO         1242    i.User_Imu1DataParas  user_imu.o
    0x08007ef4   0x08007ef4   0x0000005c   Code   RO         1243    i.User_Imu1IRQHandler  user_imu.o
    0x08007f50   0x08007f50   0x0000003c   Code   RO         1244    i.User_ImuInit      user_imu.o
    0x08007f8c   0x08007f8c   0x00000060   Code   RO          863    i.User_Init         user_tasks.o
    0x08007fec   0x08007fec   0x00000060   Code   RO         1502    i.User_Key1_Deal    user_key.o
    0x0800804c   0x0800804c   0x00000054   Code   RO         1503    i.User_Key2_Deal    user_key.o
    0x080080a0   0x080080a0   0x000000e8   Code   RO         1504    i.User_KeyCheck     user_key.o
    0x08008188   0x08008188   0x00000034   Code   RO         1506    i.User_KeyInit      user_key.o
    0x080081bc   0x080081bc   0x00000070   Code   RO         1175    i.User_LedEn        user_led.o
    0x0800822c   0x0800822c   0x0000002c   Code   RO         1176    i.User_LedInit      user_led.o
    0x08008258   0x08008258   0x00000128   Code   RO         1177    i.User_LedShow      user_led.o
    0x08008380   0x08008380   0x0000001c   Code   RO         1178    i.User_LedShowSet   user_led.o
    0x0800839c   0x0800839c   0x00000070   Code   RO         1915    i.User_M3508_Init   user_m3508.o
    0x0800840c   0x0800840c   0x0000017c   Code   RO         1917    i.User_M3508_SpetoCur_PID  user_m3508.o
    0x08008588   0x08008588   0x000000e0   Code   RO         2151    i.User_M3510_Init   user_m3510.o
    0x08008668   0x08008668   0x00000018   Code   RO         1856    i.User_Math_FastCos  user_math.o
    0x08008680   0x08008680   0x00000054   Code   RO         1857    i.User_Math_FastSin  user_math.o
    0x080086d4   0x080086d4   0x0000008c   Code   RO         1029    i.User_MoveBaseInit  user_movebase.o
    0x08008760   0x08008760   0x000001bc   Code   RO         1032    i.User_MoveOdomCal  user_movebase.o
    0x0800891c   0x0800891c   0x0000000e   Code   RO         1033    i.User_MoveOdomReset  user_movebase.o
    0x0800892a   0x0800892a   0x00000002   PAD
    0x0800892c   0x0800892c   0x0000001c   Code   RO         1034    i.User_MoveOdomSet  user_movebase.o
    0x08008948   0x08008948   0x00000008   Code   RO         1035    i.User_MoveSpeedCal  user_movebase.o
    0x08008950   0x08008950   0x000001d0   Code   RO         1040    i.User_Move_4W_Mecanum  user_movebase.o
    0x08008b20   0x08008b20   0x000000ce   Code   RO         1377    i.User_OledDisplayStatus  user_oled.o
    0x08008bee   0x08008bee   0x000000d2   Code   RO         1379    i.User_OledInit     user_oled.o
    0x08008cc0   0x08008cc0   0x000001f4   Code   RO         1380    i.User_OledScreenKey  user_oled.o
    0x08008eb4   0x08008eb4   0x000000ac   Code   RO         1381    i.User_OledScreenMain  user_oled.o
    0x08008f60   0x08008f60   0x00000128   Code   RO         1382    i.User_OledScreenMotorTest  user_oled.o
    0x08009088   0x08009088   0x0000001c   Code   RO         1383    i.User_OledScreenTitle  user_oled.o
    0x080090a4   0x080090a4   0x0000002a   Code   RO         1384    i.User_OledSetPos   user_oled.o
    0x080090ce   0x080090ce   0x00000002   PAD
    0x080090d0   0x080090d0   0x000000a0   Code   RO         1385    i.User_OledShow     user_oled.o
    0x08009170   0x08009170   0x000000a4   Code   RO         1386    i.User_OledShowChar  user_oled.o
    0x08009214   0x08009214   0x0000003a   Code   RO         1388    i.User_OledShowString  user_oled.o
    0x0800924e   0x0800924e   0x00000024   Code   RO         1389    i.User_OledWriteByte  user_oled.o
    0x08009272   0x08009272   0x0000002c   Code   RO         1390    i.User_OledWriteCmd  user_oled.o
    0x0800929e   0x0800929e   0x0000002c   Code   RO         1391    i.User_OledWriteData  user_oled.o
    0x080092ca   0x080092ca   0x00000002   PAD
    0x080092cc   0x080092cc   0x00000028   Code   RO         1304    i.User_SetSdaIn     user_iic.o
    0x080092f4   0x080092f4   0x0000002c   Code   RO         1305    i.User_SetSdaOut    user_iic.o
    0x08009320   0x08009320   0x00000010   Code   RO          981    i.User_StateMachineInit  user_state.o
    0x08009330   0x08009330   0x00000054   Code   RO         2018    i.User_TOFSenseIRQHandler  user_tofsense_f.o
    0x08009384   0x08009384   0x00000034   Code   RO         2019    i.User_TOFSenseInit  user_tofsense_f.o
    0x080093b8   0x080093b8   0x00000002   Code   RO         1972    i.User_Timer100usIRQ  user_timer.o
    0x080093ba   0x080093ba   0x0000000c   Code   RO         1973    i.User_Timer1msIRQ  user_timer.o
    0x080093c6   0x080093c6   0x00000002   PAD
    0x080093c8   0x080093c8   0x00000018   Code   RO         1974    i.User_TimerInit    user_timer.o
    0x080093e0   0x080093e0   0x00000034   Code   RO         2056    i.User_Tofsenser2Init  user_tofsenser2.o
    0x08009414   0x08009414   0x00000040   Code   RO         2101    i.User_scissorInit  user_scissor.o
    0x08009454   0x08009454   0x00000028   Code   RO         7328    i.__ARM_fpclassify  m_ws.l(fpclassify.o)
    0x0800947c   0x0800947c   0x00000010   Code   RO         3038    i.__NVIC_GetPriorityGrouping  stm32f1xx_hal_cortex.o
    0x0800948c   0x0800948c   0x00000028   Code   RO         3039    i.__NVIC_SetPriority  stm32f1xx_hal_cortex.o
    0x080094b4   0x080094b4   0x00000006   Code   RO         6564    i.__get_BASEPRI     cmsis_os2.o
    0x080094ba   0x080094ba   0x00000006   Code   RO         6565    i.__get_IPSR        cmsis_os2.o
    0x080094c0   0x080094c0   0x00000006   Code   RO         6566    i.__get_PRIMASK     cmsis_os2.o
    0x080094c6   0x080094c6   0x0000000e   Code   RO         7504    i.__mathlib_dbl_overflow  m_ws.l(dunder.o)
    0x080094d4   0x080094d4   0x00000010   Code   RO         7506    i.__mathlib_dbl_underflow  m_ws.l(dunder.o)
    0x080094e4   0x080094e4   0x00000010   Code   RO         7413    i.__mathlib_narrow  m_ws.l(narrow.o)
    0x080094f4   0x080094f4   0x000000bc   Code   RO         7414    i.__mathlib_tofloat  m_ws.l(narrow.o)
    0x080095b0   0x080095b0   0x00000016   Code   RO         7460    i.__support_ldexp   m_ws.l(ldexp.o)
    0x080095c6   0x080095c6   0x0000000e   Code   RO         7146    i._is_digit         c_w.l(__printf_wp.o)
    0x080095d4   0x080095d4   0x0000002a   Code   RO         7231    i.atof              m_ws.l(atof.o)
    0x080095fe   0x080095fe   0x00000002   PAD
    0x08009600   0x08009600   0x00000058   Code   RO         7437    i.frexp             m_ws.l(frexp.o)
    0x08009658   0x08009658   0x00000074   Code   RO         7461    i.ldexp             m_ws.l(ldexp.o)
    0x080096cc   0x080096cc   0x00000050   Code   RO           16    i.main              main.o
    0x0800971c   0x0800971c   0x00000038   Code   RO         6567    i.osDelay           cmsis_os2.o
    0x08009754   0x08009754   0x00000040   Code   RO         6581    i.osKernelInitialize  cmsis_os2.o
    0x08009794   0x08009794   0x00000044   Code   RO         6584    i.osKernelStart     cmsis_os2.o
    0x080097d8   0x080097d8   0x000000dc   Code   RO         6618    i.osThreadNew       cmsis_os2.o
    0x080098b4   0x080098b4   0x0000007c   Code   RO         6039    i.prvAddCurrentTaskToDelayedList  tasks.o
    0x08009930   0x08009930   0x000000b8   Code   RO         6040    i.prvAddNewTaskToReadyList  tasks.o
    0x080099e8   0x080099e8   0x00000074   Code   RO         6400    i.prvCheckForValidListAndQueue  timers.o
    0x08009a5c   0x08009a5c   0x00000048   Code   RO         6041    i.prvCheckTasksWaitingTermination  tasks.o
    0x08009aa4   0x08009aa4   0x0000002a   Code   RO         5632    i.prvCopyDataFromQueue  queue.o
    0x08009ace   0x08009ace   0x0000007c   Code   RO         5633    i.prvCopyDataToQueue  queue.o
    0x08009b4a   0x08009b4a   0x00000050   Code   RO         6042    i.prvDeleteTCB      tasks.o
    0x08009b9a   0x08009b9a   0x00000002   PAD
    0x08009b9c   0x08009b9c   0x00000028   Code   RO         6401    i.prvGetNextExpireTime  timers.o
    0x08009bc4   0x08009bc4   0x0000007c   Code   RO         7000    i.prvHeapInit       heap_4.o
    0x08009c40   0x08009c40   0x00000028   Code   RO         6043    i.prvIdleTask       tasks.o
    0x08009c68   0x08009c68   0x0000002a   Code   RO         5636    i.prvInitialiseNewQueue  queue.o
    0x08009c92   0x08009c92   0x000000b4   Code   RO         6044    i.prvInitialiseNewTask  tasks.o
    0x08009d46   0x08009d46   0x00000002   PAD
    0x08009d48   0x08009d48   0x00000068   Code   RO         6045    i.prvInitialiseTaskLists  tasks.o
    0x08009db0   0x08009db0   0x00000068   Code   RO         7001    i.prvInsertBlockIntoFreeList  heap_4.o
    0x08009e18   0x08009e18   0x00000058   Code   RO         6403    i.prvInsertTimerInActiveList  timers.o
    0x08009e70   0x08009e70   0x0000001a   Code   RO         5637    i.prvIsQueueEmpty   queue.o
    0x08009e8a   0x08009e8a   0x0000001e   Code   RO         5638    i.prvIsQueueFull    queue.o
    0x08009ea8   0x08009ea8   0x00000064   Code   RO         6404    i.prvProcessExpiredTimer  timers.o
    0x08009f0c   0x08009f0c   0x00000128   Code   RO         6405    i.prvProcessReceivedCommands  timers.o
    0x0800a034   0x0800a034   0x00000074   Code   RO         6406    i.prvProcessTimerOrBlockTask  timers.o
    0x0800a0a8   0x0800a0a8   0x00000034   Code   RO         6047    i.prvResetNextTaskUnblockTime  tasks.o
    0x0800a0dc   0x0800a0dc   0x0000002c   Code   RO         6407    i.prvSampleTimeNow  timers.o
    0x0800a108   0x0800a108   0x000000a0   Code   RO         6408    i.prvSwitchTimerLists  timers.o
    0x0800a1a8   0x0800a1a8   0x00000040   Code   RO         7051    i.prvTaskExitError  port.o
    0x0800a1e8   0x0800a1e8   0x0000001a   Code   RO         6409    i.prvTimerTask      timers.o
    0x0800a202   0x0800a202   0x0000007e   Code   RO         5639    i.prvUnlockQueue    queue.o
    0x0800a280   0x0800a280   0x0000013c   Code   RO         7002    i.pvPortMalloc      heap_4.o
    0x0800a3bc   0x0800a3bc   0x00000024   Code   RO         7052    i.pxPortInitialiseStack  port.o
    0x0800a3e0   0x0800a3e0   0x00000028   Code   RO         5592    i.uxListRemove      list.o
    0x0800a408   0x0800a408   0x00000018   Code   RO         6630    i.vApplicationGetIdleTaskMemory  cmsis_os2.o
    0x0800a420   0x0800a420   0x00000018   Code   RO         6631    i.vApplicationGetTimerTaskMemory  cmsis_os2.o
    0x0800a438   0x0800a438   0x0000001a   Code   RO         5593    i.vListInitialise   list.o
    0x0800a452   0x0800a452   0x00000006   Code   RO         5594    i.vListInitialiseItem  list.o
    0x0800a458   0x0800a458   0x00000034   Code   RO         5595    i.vListInsert       list.o
    0x0800a48c   0x0800a48c   0x00000018   Code   RO         5596    i.vListInsertEnd    list.o
    0x0800a4a4   0x0800a4a4   0x00000054   Code   RO         7054    i.vPortEnterCritical  port.o
    0x0800a4f8   0x0800a4f8   0x0000003c   Code   RO         7055    i.vPortExitCritical  port.o
    0x0800a534   0x0800a534   0x00000094   Code   RO         7003    i.vPortFree         heap_4.o
    0x0800a5c8   0x0800a5c8   0x00000028   Code   RO         7056    i.vPortSetupTimerInterrupt  port.o
    0x0800a5f0   0x0800a5f0   0x00000078   Code   RO         7057    i.vPortValidateInterruptPriority  port.o
    0x0800a668   0x0800a668   0x0000002c   Code   RO         5645    i.vQueueAddToRegistry  queue.o
    0x0800a694   0x0800a694   0x0000004a   Code   RO         5649    i.vQueueWaitForMessageRestricted  queue.o
    0x0800a6de   0x0800a6de   0x00000002   PAD
    0x0800a6e0   0x0800a6e0   0x0000005c   Code   RO         6059    i.vTaskDelay        tasks.o
    0x0800a73c   0x0800a73c   0x00000018   Code   RO         6064    i.vTaskInternalSetTimeOutState  tasks.o
    0x0800a754   0x0800a754   0x0000000c   Code   RO         6065    i.vTaskMissedYield  tasks.o
    0x0800a760   0x0800a760   0x00000038   Code   RO         6067    i.vTaskPlaceOnEventList  tasks.o
    0x0800a798   0x0800a798   0x00000040   Code   RO         6068    i.vTaskPlaceOnEventListRestricted  tasks.o
    0x0800a7d8   0x0800a7d8   0x000000b8   Code   RO         6076    i.vTaskStartScheduler  tasks.o
    0x0800a890   0x0800a890   0x00000010   Code   RO         6078    i.vTaskSuspendAll   tasks.o
    0x0800a8a0   0x0800a8a0   0x00000090   Code   RO         6079    i.vTaskSwitchContext  tasks.o
    0x0800a930   0x0800a930   0x000000f8   Code   RO         7058    i.xPortStartScheduler  port.o
    0x0800aa28   0x0800aa28   0x000000de   Code   RO         5655    i.xQueueGenericCreateStatic  queue.o
    0x0800ab06   0x0800ab06   0x00000002   PAD
    0x0800ab08   0x0800ab08   0x00000098   Code   RO         5656    i.xQueueGenericReset  queue.o
    0x0800aba0   0x0800aba0   0x000001a8   Code   RO         5657    i.xQueueGenericSend  queue.o
    0x0800ad48   0x0800ad48   0x000000f8   Code   RO         5658    i.xQueueGenericSendFromISR  queue.o
    0x0800ae40   0x0800ae40   0x00000168   Code   RO         5667    i.xQueueReceive     queue.o
    0x0800afa8   0x0800afa8   0x0000008c   Code   RO         6080    i.xTaskCheckForTimeOut  tasks.o
    0x0800b034   0x0800b034   0x00000064   Code   RO         6081    i.xTaskCreate       tasks.o
    0x0800b098   0x0800b098   0x000000b8   Code   RO         6082    i.xTaskCreateStatic  tasks.o
    0x0800b150   0x0800b150   0x00000020   Code   RO         6086    i.xTaskGetSchedulerState  tasks.o
    0x0800b170   0x0800b170   0x0000000c   Code   RO         6087    i.xTaskGetTickCount  tasks.o
    0x0800b17c   0x0800b17c   0x00000144   Code   RO         6089    i.xTaskIncrementTick  tasks.o
    0x0800b2c0   0x0800b2c0   0x000000a4   Code   RO         6092    i.xTaskPriorityDisinherit  tasks.o
    0x0800b364   0x0800b364   0x00000098   Code   RO         6094    i.xTaskRemoveFromEventList  tasks.o
    0x0800b3fc   0x0800b3fc   0x00000104   Code   RO         6095    i.xTaskResumeAll    tasks.o
    0x0800b500   0x0800b500   0x00000078   Code   RO         6416    i.xTimerCreateTimerTask  timers.o
    0x0800b578   0x0800b578   0x00000084   Code   RO         6417    i.xTimerGenericCommand  timers.o
    0x0800b5fc   0x0800b5fc   0x0000002c   Code   RO         7322    locale$$code        c_w.l(lc_numeric_c.o)
    0x0800b628   0x0800b628   0x0000002c   Code   RO         7397    locale$$code        c_w.l(lc_ctype_c.o)
    0x0800b654   0x0800b654   0x00000062   Code   RO         7172    x$fpl$d2f           fz_ws.l(d2f.o)
    0x0800b6b6   0x0800b6b6   0x00000002   PAD
    0x0800b6b8   0x0800b6b8   0x00000150   Code   RO         7174    x$fpl$dadd          fz_ws.l(daddsub_clz.o)
    0x0800b808   0x0800b808   0x00000010   Code   RO         7498    x$fpl$dcheck1       fz_ws.l(dcheck1.o)
    0x0800b818   0x0800b818   0x00000018   Code   RO         7248    x$fpl$dcmpinf       fz_ws.l(dcmpi.o)
    0x0800b830   0x0800b830   0x000002b0   Code   RO         7181    x$fpl$ddiv          fz_ws.l(ddiv.o)
    0x0800bae0   0x0800bae0   0x00000078   Code   RO         7434    x$fpl$deqf          fz_ws.l(deqf.o)
    0x0800bb58   0x0800bb58   0x0000005e   Code   RO         7184    x$fpl$dfix          fz_ws.l(dfix.o)
    0x0800bbb6   0x0800bbb6   0x0000002e   Code   RO         7189    x$fpl$dflt          fz_ws.l(dflt_clz.o)
    0x0800bbe4   0x0800bbe4   0x00000078   Code   RO         7194    x$fpl$dleqf         fz_ws.l(dleqf.o)
    0x0800bc5c   0x0800bc5c   0x00000154   Code   RO         7196    x$fpl$dmul          fz_ws.l(dmul.o)
    0x0800bdb0   0x0800bdb0   0x0000009c   Code   RO         7250    x$fpl$dnaninf       fz_ws.l(dnaninf.o)
    0x0800be4c   0x0800be4c   0x0000000c   Code   RO         7252    x$fpl$dretinf       fz_ws.l(dretinf.o)
    0x0800be58   0x0800be58   0x0000006c   Code   RO         7198    x$fpl$drleqf        fz_ws.l(drleqf.o)
    0x0800bec4   0x0800bec4   0x000001d4   Code   RO         7176    x$fpl$dsub          fz_ws.l(daddsub_clz.o)
    0x0800c098   0x0800c098   0x00000056   Code   RO         7200    x$fpl$f2d           fz_ws.l(f2d.o)
    0x0800c0ee   0x0800c0ee   0x00000002   PAD
    0x0800c0f0   0x0800c0f0   0x000000c4   Code   RO         7202    x$fpl$fadd          fz_ws.l(faddsub_clz.o)
    0x0800c1b4   0x0800c1b4   0x00000018   Code   RO         7254    x$fpl$fcmpinf       fz_ws.l(fcmpi.o)
    0x0800c1cc   0x0800c1cc   0x00000184   Code   RO         7209    x$fpl$fdiv          fz_ws.l(fdiv.o)
    0x0800c350   0x0800c350   0x00000036   Code   RO         7212    x$fpl$ffix          fz_ws.l(ffix.o)
    0x0800c386   0x0800c386   0x00000002   PAD
    0x0800c388   0x0800c388   0x00000030   Code   RO         7217    x$fpl$fflt          fz_ws.l(fflt_clz.o)
    0x0800c3b8   0x0800c3b8   0x00000026   Code   RO         7216    x$fpl$ffltu         fz_ws.l(fflt_clz.o)
    0x0800c3de   0x0800c3de   0x00000002   PAD
    0x0800c3e0   0x0800c3e0   0x00000068   Code   RO         7222    x$fpl$fleqf         fz_ws.l(fleqf.o)
    0x0800c448   0x0800c448   0x00000102   Code   RO         7224    x$fpl$fmul          fz_ws.l(fmul.o)
    0x0800c54a   0x0800c54a   0x0000008c   Code   RO         7256    x$fpl$fnaninf       fz_ws.l(fnaninf.o)
    0x0800c5d6   0x0800c5d6   0x0000000a   Code   RO         7258    x$fpl$fretinf       fz_ws.l(fretinf.o)
    0x0800c5e0   0x0800c5e0   0x00000062   Code   RO         7226    x$fpl$frleqf        fz_ws.l(frleqf.o)
    0x0800c642   0x0800c642   0x00000014   Code   RO         7203    x$fpl$frsb          fz_ws.l(faddsub_clz.o)
    0x0800c656   0x0800c656   0x00000002   PAD
    0x0800c658   0x0800c658   0x000000ea   Code   RO         7204    x$fpl$fsub          fz_ws.l(faddsub_clz.o)
    0x0800c742   0x0800c742   0x00000006   Code   RO         7324    x$fpl$ieeestatus    fz_ws.l(istatus.o)
    0x0800c748   0x0800c748   0x00000004   Code   RO         7228    x$fpl$printf1       fz_ws.l(printf1.o)
    0x0800c74c   0x0800c74c   0x00000064   Code   RO         7519    x$fpl$retnan        fz_ws.l(retnan.o)
    0x0800c7b0   0x0800c7b0   0x0000005c   Code   RO         7457    x$fpl$scalbn        fz_ws.l(scalbn.o)
    0x0800c80c   0x0800c80c   0x00000004   Code   RO         7326    x$fpl$scanf1        fz_ws.l(scanf1.o)
    0x0800c810   0x0800c810   0x00000008   Code   RO         7407    x$fpl$scanf2        fz_ws.l(scanf2.o)
    0x0800c818   0x0800c818   0x00000030   Code   RO         7525    x$fpl$trapveneer    fz_ws.l(trapv.o)
    0x0800c848   0x0800c848   0x00000000   Code   RO         7260    x$fpl$usenofp       fz_ws.l(usenofp.o)
    0x0800c848   0x0800c848   0x0000006c   Data   RO          236    .constdata          freertos.o
    0x0800c8b4   0x0800c8b4   0x00000018   Data   RO          825    .constdata          system_stm32f1xx.o
    0x0800c8cc   0x0800c8cc   0x00000818   Data   RO         1392    .constdata          user_oled.o
    0x0800d0e4   0x0800d0e4   0x00000860   Data   RO         1860    .constdata          user_math.o
    0x0800d944   0x0800d944   0x00000012   Data   RO         2732    .constdata          stm32f1xx_hal_rcc.o
    0x0800d956   0x0800d956   0x00000012   Data   RO         2828    .constdata          stm32f1xx_hal_rcc_ex.o
    0x0800d968   0x0800d968   0x00000094   Data   RO         7297    .constdata          c_w.l(bigflt0.o)
    0x0800d9fc   0x0800d9fc   0x0000001c   Data   RO          237    .conststring        freertos.o
    0x0800da18   0x0800da18   0x00000020   Data   RO         7543    Region$$Table       anon$$obj.o
    0x0800da38   0x0800da38   0x00000008   Data   RO         7401    c$$dinf             fz_ws.l(fpconst.o)
    0x0800da40   0x0800da40   0x00000008   Data   RO         7404    c$$dmax             fz_ws.l(fpconst.o)
    0x0800da48   0x0800da48   0x0000001c   Data   RO         7321    locale$$data        c_w.l(lc_numeric_c.o)
    0x0800da64   0x0800da64   0x00000110   Data   RO         7396    locale$$data        c_w.l(lc_ctype_c.o)


    Execution Region RW_IRAM1 (Exec base: 0x20000000, Load base: 0x0800db74, Size: 0x00003cd8, Max: 0x0000c000, ABSOLUTE, COMPRESSED[0x0000027c])

    Exec Addr    Load Addr    Size         Type   Attr      Idx    E Section Name        Object

    0x20000000   COMPRESSED   0x0000000c   Data   RW          238    .data               freertos.o
    0x2000000c   COMPRESSED   0x00000004   Data   RW          826    .data               system_stm32f1xx.o
    0x20000010   COMPRESSED   0x00000033   Data   RW          864    .data               user_tasks.o
    0x20000043   COMPRESSED   0x00000001   PAD
    0x20000044   COMPRESSED   0x0000009f   Data   RW         1044    .data               user_movebase.o
    0x200000e3   COMPRESSED   0x00000001   PAD
    0x200000e4   COMPRESSED   0x00000002   Data   RW         1180    .data               user_led.o
    0x200000e6   COMPRESSED   0x00000002   PAD
    0x200000e8   COMPRESSED   0x0000002c   Data   RW         1246    .data               user_imu.o
    0x20000114   COMPRESSED   0x00000584   Data   RW         1393    .data               user_oled.o
    0x20000698   COMPRESSED   0x0000000e   Data   RW         1560    .data               user_adc.o
    0x200006a6   COMPRESSED   0x00000001   Data   RW         1803    .data               user_comm_raspberry.o
    0x200006a7   COMPRESSED   0x00000001   PAD
    0x200006a8   COMPRESSED   0x00000009   Data   RW         2568    .data               stm32f1xx_hal.o
    0x200006b1   COMPRESSED   0x00000003   PAD
    0x200006b4   COMPRESSED   0x0000003c   Data   RW         6098    .data               tasks.o
    0x200006f0   COMPRESSED   0x00000014   Data   RW         6425    .data               timers.o
    0x20000704   COMPRESSED   0x00000004   Data   RW         6633    .data               cmsis_os2.o
    0x20000708   COMPRESSED   0x00000018   Data   RW         7008    .data               heap_4.o
    0x20000720   COMPRESSED   0x0000000c   Data   RW         7059    .data               port.o
    0x2000072c        -       0x00000074   Zero   RW          296    .bss                adc.o
    0x200007a0        -       0x00000028   Zero   RW          338    .bss                can.o
    0x200007c8        -       0x00000058   Zero   RW          404    .bss                spi.o
    0x20000820        -       0x00000120   Zero   RW          450    .bss                tim.o
    0x20000940        -       0x00000300   Zero   RW          516    .bss                usart.o
    0x20000c40        -       0x00000048   Zero   RW          787    .bss                stm32f1xx_hal_timebase_tim.o
    0x20000c88        -       0x0000000c   Zero   RW          983    .bss                user_state.o
    0x20000c94        -       0x000001a4   Zero   RW         1043    .bss                user_movebase.o
    0x20000e38        -       0x00000018   Zero   RW         1179    .bss                user_led.o
    0x20000e50        -       0x000000b8   Zero   RW         1245    .bss                user_imu.o
    0x20000f08        -       0x00000018   Zero   RW         1507    .bss                user_key.o
    0x20000f20        -       0x0000001c   Zero   RW         1559    .bss                user_adc.o
    0x20000f3c        -       0x00000418   Zero   RW         1612    .bss                user_can_motor.o
    0x20001354        -       0x000000b4   Zero   RW         1734    .bss                user_comm_wifi.o
    0x20001408        -       0x000001bc   Zero   RW         1802    .bss                user_comm_raspberry.o
    0x200015c4        -       0x00000430   Zero   RW         1920    .bss                user_m3508.o
    0x200019f4        -       0x00000044   Zero   RW         2020    .bss                user_tofsense_f.o
    0x20001a38        -       0x00000032   Zero   RW         2058    .bss                user_tofsenser2.o
    0x20001a6a   COMPRESSED   0x00000002   PAD
    0x20001a6c        -       0x00000020   Zero   RW         2103    .bss                user_scissor.o
    0x20001a8c        -       0x00000314   Zero   RW         2155    .bss                user_m3510.o
    0x20001da0        -       0x00000040   Zero   RW         5671    .bss                queue.o
    0x20001de0        -       0x000004c4   Zero   RW         6097    .bss                tasks.o
    0x200022a4        -       0x00000118   Zero   RW         6424    .bss                timers.o
    0x200023bc        -       0x000006b8   Zero   RW         6632    .bss                cmsis_os2.o
    0x20002a74        -       0x00000c00   Zero   RW         7007    .bss                heap_4.o
    0x20003674        -       0x00000060   Zero   RW         7331    .bss                c_w.l(libspace.o)
    0x200036d4   COMPRESSED   0x00000004   PAD
    0x200036d8        -       0x00000200   Zero   RW            2    HEAP                startup_stm32f103xe.o
    0x200038d8        -       0x00000400   Zero   RW            1    STACK               startup_stm32f103xe.o


==============================================================================

Image component sizes


      Code (inc. data)   RO Data    RW Data    ZI Data      Debug   Object Name

       380         34          0          0        116       1771   adc.o
       244         24          0          0         40       1623   can.o
       474         38          0          4       1720      14794   cmsis_os2.o
       176          6          0          0          0        786   dma.o
         0          0          0          0          0      20180   event_groups.o
        84         38        136         12          0       3974   freertos.o
       396         16          0          0          0       1059   gpio.o
       692         62          0         24       3072       4583   heap_4.o
       148          0          0          0          0       3330   list.o
       240          6          0          0          0     538928   main.o
       854         78          0         12          0      10669   port.o
      1914         20          0          0         64      16468   queue.o
       204         20          0          0         88       1557   spi.o
        64         26        304          0       1536        792   startup_stm32f103xe.o
        76         20          0          9          0       5130   stm32f1xx_hal.o
      1456         58          0          0          0       8130   stm32f1xx_hal_adc.o
       284          6          0          0          0       1426   stm32f1xx_hal_adc_ex.o
      2122          0          0          0          0      13322   stm32f1xx_hal_can.o
       252         22          0          0          0      28586   stm32f1xx_hal_cortex.o
      1770         28          0          0          0       5150   stm32f1xx_hal_dma.o
       860         40          0          0          0       3255   stm32f1xx_hal_gpio.o
        96         10          0          0          0        858   stm32f1xx_hal_msp.o
      1816        108         18          0          0       6413   stm32f1xx_hal_rcc.o
       584         34         18          0          0       2337   stm32f1xx_hal_rcc_ex.o
       190          0          0          0          0       1087   stm32f1xx_hal_spi.o
      2188        102          0          0          0      15041   stm32f1xx_hal_tim.o
       160         22          0          0          0       2357   stm32f1xx_hal_tim_ex.o
       180         22          0          0         72       1403   stm32f1xx_hal_timebase_tim.o
      2586         34          0          0          0      16425   stm32f1xx_hal_uart.o
       306         96          0          0          0       9770   stm32f1xx_it.o
         0          0          0          0          0       8976   stream_buffer.o
         2          0         24          4          0       1059   system_stm32f1xx.o
      2796        346          0         60       1220      23162   tasks.o
       804         62          0          0        288       4211   tim.o
      1238        124          0         20        280      26347   timers.o
      1336        126          0          0        768       4683   usart.o
       296         50          0         14         28       1861   user_adc.o
      1312         74          0          0       1048       8103   user_can_motor.o
       496         44          0          1        444       4739   user_comm_raspberry.o
       872         40          0          0        180       5084   user_comm_wifi.o
       432         32          0          0          0       3357   user_iic.o
      1704        148          0         44        184       4711   user_imu.o
       464         42          0          0         24       2891   user_key.o
       632         32          0          2         24       5105   user_led.o
       492         36          0          0       1072       1833   user_m3508.o
       224         30          0          0        788       1334   user_m3510.o
       152         16       2144          0          0       2216   user_math.o
      1098        130          0        159        420       7709   user_movebase.o
      1960        256       2072       1412          0       9078   user_oled.o
        64         10          0          0         32       1081   user_scissor.o
        16          4          0          0         12       1800   user_state.o
       480         46          0         51          0       6527   user_tasks.o
       108         18          0          0          0       2219   user_timer.o
       136         22          0          0         68       1566   user_tofsense_f.o
        52         10          0          0         50       1230   user_tofsenser2.o
         2          0          0          0          0        746   user_uart1.o

    ----------------------------------------------------------------------
     38002       2668       4748       1836      13640     882832   Object Totals
         0          0         32          0          0          0   (incl. Generated)
        38          0          0          8          2          0   (incl. Padding)

    ----------------------------------------------------------------------

      Code (inc. data)   RO Data    RW Data    ZI Data      Debug   Library Member Name

        90          0          0          0          0          0   __dczerorl2.o
         8          0          0          0          0         68   __main.o
       284          0          0          0          0        156   __printf_wp.o
         0          0          0          0          0          0   __rtentry.o
        12          0          0          0          0          0   __rtentry2.o
         6          0          0          0          0          0   __rtentry4.o
        52          8          0          0          0          0   __scatter.o
        28          0          0          0          0          0   __scatter_zi.o
        28          0          0          0          0         68   _chval.o
        48          6          0          0          0         96   _printf_char_common.o
         6          0          0          0          0          0   _printf_f.o
      1054          0          0          0          0        216   _printf_fp_dec.o
       128         16          0          0          0         84   _printf_fp_infnan.o
         0          0          0          0          0          0   _printf_percent.o
         4          0          0          0          0          0   _printf_percent_end.o
        22          0          0          0          0        100   _rserrno.o
        64          0          0          0          0         84   _sgetc.o
        10          0          0          0          0         68   _sputc.o
        16          0          0          0          0         68   aeabi_memset.o
       228          4        148          0          0         96   bigflt0.o
      2152        136          0          0          0        960   btod.o
        18          0          0          0          0         80   exit.o
         6          0          0          0          0        152   heapauxi.o
         0          0          0          0          0          0   indicate_semi.o
        18          0          0          0          0         76   isspace.o
        44         10        272          0          0         76   lc_ctype_c.o
        44         10         28          0          0         76   lc_numeric_c.o
         2          0          0          0          0          0   libinit.o
        30          0          0          0          0          0   libinit2.o
         2          0          0          0          0          0   libshutdown.o
         2          0          0          0          0          0   libshutdown2.o
         8          4          0          0         96         68   libspace.o
        38          0          0          0          0         68   llshl.o
       138          0          0          0          0         80   lludiv10.o
        40          6          0          0          0         84   noretval__2sprintf.o
        16          4          0          0          0         76   rt_ctype_table.o
         8          4          0          0          0         68   rt_errno_addr_intlibspace.o
         8          4          0          0          0         68   rt_locale_intlibspace.o
        68          0          0          0          0         68   rt_memclr.o
        78          0          0          0          0         80   rt_memclr_w.o
       138          0          0          0          0         68   rt_memcpy_v6.o
       100          0          0          0          0         80   rt_memcpy_w.o
         2          0          0          0          0          0   rtexit.o
        10          0          0          0          0          0   rtexit2.o
      1272         16          0          0          0        168   scanf_fp.o
       800         14          0          0          0        100   scanf_hexfp.o
       308         16          0          0          0        100   scanf_infnan.o
       128          0          0          0          0         68   strcmpv7m.o
       164         14          0          0          0        120   strtod.o
        12          4          0          0          0         68   sys_exit.o
        74          0          0          0          0         80   sys_stackheap_outer.o
         2          0          0          0          0         68   use_no_semi.o
        98          4          0          0          0         92   d2f.o
       804         16          0          0          0        272   daddsub_clz.o
        16          4          0          0          0         68   dcheck1.o
        24          0          0          0          0         68   dcmpi.o
       688        140          0          0          0        208   ddiv.o
       120          4          0          0          0         92   deqf.o
        94          4          0          0          0         92   dfix.o
        46          0          0          0          0         68   dflt_clz.o
       120          4          0          0          0         92   dleqf.o
       340         12          0          0          0        104   dmul.o
       156          4          0          0          0         92   dnaninf.o
        12          0          0          0          0         68   dretinf.o
       108          0          0          0          0         80   drleqf.o
        86          4          0          0          0         84   f2d.o
       450          8          0          0          0        236   faddsub_clz.o
        24          0          0          0          0         68   fcmpi.o
       388         76          0          0          0         96   fdiv.o
        54          4          0          0          0         84   ffix.o
        86          0          0          0          0        136   fflt_clz.o
       104          4          0          0          0         84   fleqf.o
       258          4          0          0          0         84   fmul.o
       140          4          0          0          0         84   fnaninf.o
         0          0         16          0          0          0   fpconst.o
        10          0          0          0          0         68   fretinf.o
        98          0          0          0          0         68   frleqf.o
         6          0          0          0          0         68   istatus.o
         4          0          0          0          0         68   printf1.o
       100          0          0          0          0         68   retnan.o
        92          0          0          0          0         68   scalbn.o
         4          0          0          0          0         68   scanf1.o
         8          0          0          0          0         84   scanf2.o
        48          0          0          0          0         68   trapv.o
         0          0          0          0          0          0   usenofp.o
        42          0          0          0          0         84   atof.o
        30          6          0          0          0        136   dunder.o
        40          0          0          0          0         68   fpclassify.o
        88          8          0          0          0         76   frexp.o
       138          0          0          0          0        160   ldexp.o
       204          4          0          0          0        168   narrow.o

    ----------------------------------------------------------------------
     12966        590        464          0        100       7776   Library Totals
        20          0          0          0          4          0   (incl. Padding)

    ----------------------------------------------------------------------

      Code (inc. data)   RO Data    RW Data    ZI Data      Debug   Library Name

      7818        276        448          0         96       4104   c_w.l
      4586        296         16          0          0       2980   fz_ws.l
       542         18          0          0          0        692   m_ws.l

    ----------------------------------------------------------------------
     12966        590        464          0        100       7776   Library Totals

    ----------------------------------------------------------------------

==============================================================================


      Code (inc. data)   RO Data    RW Data    ZI Data      Debug   

     50968       3258       5212       1836      13740     869752   Grand Totals
     50968       3258       5212        636      13740     869752   ELF Image Totals (compressed)
     50968       3258       5212        636          0          0   ROM Totals

==============================================================================

    Total RO  Size (Code + RO Data)                56180 (  54.86kB)
    Total RW  Size (RW Data + ZI Data)             15576 (  15.21kB)
    Total ROM Size (Code + RO Data + RW Data)      56816 (  55.48kB)

==============================================================================

