<html>
<body>
<pre>
<h1>礦ision Build Log</h1>
<h2>Tool Versions:</h2>
IDE-Version: μVision V5.41.0.0
Copyright (C) 2024 ARM Ltd and ARM Germany GmbH. All rights reserved.
License Information: wjx wjx, wjx, LIC=ATTQ1-CTR5M-ARQXW-QHN4R-JUCXK-JV4BV
 
Tool Versions:
Toolchain:       MDK-ARM Plus  Version: 5.41.0.0
Toolchain Path:  D:\Users\wjx\AppData\Local\Keil_v5\ARM\ARMCOMPLIER506\Bin
C Compiler:      Armcc.exe V5.06 update 7 (build 960)
Assembler:       Armasm.exe V5.06 update 7 (build 960)
Linker/Locator:  ArmLink.exe V5.06 update 7 (build 960)
Library Manager: ArmAr.exe V5.06 update 7 (build 960)
Hex Converter:   FromElf.exe V5.06 update 7 (build 960)
CPU DLL:         SARMCM3.DLL V5.41.0.0
Dialog DLL:      DCM.DLL V1.17.5.0
Target DLL:      STLink\ST-LINKIII-KEIL_SWO.dll V3.3.0.0
Dialog DLL:      TCM.DLL V1.56.4.0
 
<h2>Project:</h2>
E:\code\raicom_wjx_hy\raicom_wjx\MDK-ARM\TeachingCarV02.uvprojx
Project File Date:  07/05/2025

<h2>Output:</h2>
*** Using Compiler 'V5.06 update 7 (build 960)', folder: 'D:\Users\wjx\AppData\Local\Keil_v5\ARM\ARMCOMPLIER506\Bin'
Build target 'TeachingCarV02'
compiling user_comm_wifi.c...
compiling user_tasks.c...
Users\user_m3510.h(15): warning:  #1-D: last line of file ends without a newline
  #endif
Users\remote_control.h(5): warning:  #1295-D: Deprecated declaration sbus_process - give arg types
  void sbus_process ();
Users\remote_control.h(19): warning:  #1-D: last line of file ends without a newline
  extern int ch6_last;
Users\user_catch.h(25): warning:  #1295-D: Deprecated declaration Catch_Set - give arg types
  int Catch_Set();//夹手圈数统计
Users\user_catch.h(27): warning:  #1295-D: Deprecated declaration Caughters_Set - give arg types
  void Caughters_Set();//初始化
Users\user_catch.h(28): warning:  #1-D: last line of file ends without a newline
  #endif
Users\user_m3510.h(10): warning:  #1295-D: Deprecated declaration User_M3510_Init - give arg types
  void User_M3510_Init();
Users\user_m3510.h(15): warning:  #1-D: last line of file ends without a newline
  #endif
Users\remote_control.h(5): warning:  #1295-D: Deprecated declaration sbus_process - give arg types
  void sbus_process ();
Users\remote_control.h(19): warning:  #1-D: last line of file ends without a newline
  extern int ch6_last;
Users\user_tofsenser2.h(5): warning:  #1295-D: Deprecated declaration Tofsenser_Paras - give arg types
  void Tofsenser_Paras();//数据处理
Users\user_tofsenser2.h(10): warning:  #1-D: last line of file ends without a newline
  extern uint32_t dis5;//左
Users\user_tasks.c(109): warning:  #177-D: variable "temp"  was declared but never referenced
  	int16_t temp = 0;
Users\user_tasks.c(111): warning:  #177-D: variable "test_state"  was declared but never referenced
  	int test_state=0;
Users\user_tasks.c(112): warning:  #177-D: variable "test_round"  was declared but never referenced
  	int test_round=10;
Users\user_tasks.c: 15 warnings, 0 errors
compiling user_comm_raspberry.c...
compiling user_movebase.c...
Users\remote_control.h(5): warning:  #1295-D: Deprecated declaration sbus_process - give arg types
  void sbus_process ();
Users\remote_control.h(19): warning:  #1-D: last line of file ends without a newline
  extern int ch6_last;
Users\user_tofsenser2.h(5): warning:  #1295-D: Deprecated declaration Tofsenser_Paras - give arg types
  void Tofsenser_Paras();//数据处理
Users\user_tofsenser2.h(10): warning:  #1-D: last line of file ends without a newline
  extern uint32_t dis5;//左
Users\user_movebase.c(499): warning:  #940-D: missing return statement at end of non-void function "User_AutoToDist_L" 
  }
Users\user_movebase.c(521): warning:  #940-D: missing return statement at end of non-void function "User_AutoToDist_R" 
  }
Users\user_movebase.c(543): warning:  #940-D: missing return statement at end of non-void function "User_AutoToDist_F" 
  }
Users\user_movebase.c(569): warning:  #940-D: missing return statement at end of non-void function "User_AutoToDist_C" 
  }
Users\user_movebase.c(589): warning:  #1-D: last line of file ends without a newline
  }
Users\user_movebase.c: 9 warnings, 0 errors
linking...
Program Size: Code=50968 RO-data=5212 RW-data=1836 ZI-data=13740  
FromELF: creating hex file...
"TeachingCarV02\TeachingCarV02.axf" - 0 Error(s), 24 Warning(s).

<h2>Software Packages used:</h2>

Package Vendor: ARM
                https://www.keil.com/pack/ARM.CMSIS.6.1.0.pack
                ARM::CMSIS@6.1.0
                CMSIS (Common Microcontroller Software Interface Standard)
   * Component: CORE Version: 6.1.0

Package Vendor: Keil
                https://www.keil.com/pack/Keil.STM32F1xx_DFP.2.4.1.pack
                Keil::STM32F1xx_DFP@2.4.1
                STMicroelectronics STM32F1 Series Device Support, Drivers and Examples

<h2>Collection of Component include folders:</h2>
  ./RTE/_TeachingCarV02
  D:/Users/wjx/AppData/Local/Arm/Packs/ARM/CMSIS/6.1.0/CMSIS/Core/Include
  D:/Users/wjx/AppData/Local/Arm/Packs/Keil/STM32F1xx_DFP/2.4.1/Device/Include

<h2>Collection of Component Files used:</h2>

   * Component: ARM::CMSIS:CORE@6.1.0
      Include file:  CMSIS/Core/Include/tz_context.h
Build Time Elapsed:  00:00:04
</pre>
</body>
</html>
